Component: ARM Compiler 5.05 update 1 (build 106) Tool: armlink [4d0efa]

==============================================================================

Section Cross References

    main.o(i.camera_new_pathname) refers to _printf_pad.o(.text) for _printf_pre_padding
    main.o(i.camera_new_pathname) refers to _printf_percent.o(.ARM.Collect$$_printf_percent$$00000000) for _printf_percent
    main.o(i.camera_new_pathname) refers to _printf_d.o(.ARM.Collect$$_printf_percent$$00000009) for _printf_d
    main.o(i.camera_new_pathname) refers to _printf_dec.o(.text) for _printf_int_dec
    main.o(i.camera_new_pathname) refers to noretval__2sprintf.o(.text) for __2sprintf
    main.o(i.camera_new_pathname) refers to ff.o(i.f_open) for f_open
    main.o(i.camera_new_pathname) refers to exfuns.o(.data) for ftemp
    main.o(i.jpeg_data_process) refers to stm32f4xx_dma.o(i.DMA_Cmd) for DMA_Cmd
    main.o(i.jpeg_data_process) refers to stm32f4xx_dma.o(i.DMA_GetCmdStatus) for DMA_GetCmdStatus
    main.o(i.jpeg_data_process) refers to stm32f4xx_dma.o(i.DMA_GetCurrDataCounter) for DMA_GetCurrDataCounter
    main.o(i.jpeg_data_process) refers to stm32f4xx_dma.o(i.DMA_SetCurrDataCounter) for DMA_SetCurrDataCounter
    main.o(i.jpeg_data_process) refers to dcmi.o(i.DCMI_Stop) for DCMI_Stop
    main.o(i.jpeg_data_process) refers to lcd.o(i.LCD_SetCursor) for LCD_SetCursor
    main.o(i.jpeg_data_process) refers to lcd.o(i.LCD_WriteRAM_Prepare) for LCD_WriteRAM_Prepare
    main.o(i.jpeg_data_process) refers to main.o(.data) for ovx_mode
    main.o(i.jpeg_dcmi_rx_callback) refers to main.o(.data) for jpeg_data_buf
    main.o(i.main) refers to misc.o(i.NVIC_PriorityGroupConfig) for NVIC_PriorityGroupConfig
    main.o(i.main) refers to delay.o(i.delay_init) for delay_init
    main.o(i.main) refers to usart.o(i.uart_init) for uart_init
    main.o(i.main) refers to led.o(i.LED_Init) for LED_Init
    main.o(i.main) refers to timer.o(i.TIM3_Int_Init) for TIM3_Int_Init
    main.o(i.main) refers to lcd.o(i.LCD_Init) for LCD_Init
    main.o(i.main) refers to sram.o(i.FSMC_SRAM_Init) for FSMC_SRAM_Init
    main.o(i.main) refers to beep.o(i.BEEP_Init) for BEEP_Init
    main.o(i.main) refers to key.o(i.KEY_Init) for KEY_Init
    main.o(i.main) refers to ov5640.o(i.OV5640_Init) for OV5640_Init
    main.o(i.main) refers to main.o(i.sw_sdcard_mode) for sw_sdcard_mode
    main.o(i.main) refers to w25qxx.o(i.W25QXX_Init) for W25QXX_Init
    main.o(i.main) refers to malloc.o(i.my_mem_init) for my_mem_init
    main.o(i.main) refers to sdio_sdcard.o(i.SD_Init) for SD_Init
    main.o(i.main) refers to exfuns.o(i.exfuns_init) for exfuns_init
    main.o(i.main) refers to ff.o(i.f_mount) for f_mount
    main.o(i.main) refers to lcd.o(i.LCD_ShowString) for LCD_ShowString
    main.o(i.main) refers to delay.o(i.delay_ms) for delay_ms
    main.o(i.main) refers to lcd.o(i.LCD_Fill) for LCD_Fill
    main.o(i.main) refers to fontupd.o(i.font_init) for font_init
    main.o(i.main) refers to text.o(i.Show_Str) for Show_Str
    main.o(i.main) refers to ff.o(i.f_mkdir) for f_mkdir
    main.o(i.main) refers to malloc.o(i.mymalloc) for mymalloc
    main.o(i.main) refers to main.o(i.sw_ov5640_mode) for sw_ov5640_mode
    main.o(i.main) refers to ov5640.o(i.OV5640_RGB565_Mode) for OV5640_RGB565_Mode
    main.o(i.main) refers to ov5640.o(i.OV5640_Focus_Init) for OV5640_Focus_Init
    main.o(i.main) refers to ov5640.o(i.OV5640_Light_Mode) for OV5640_Light_Mode
    main.o(i.main) refers to ov5640.o(i.OV5640_Color_Saturation) for OV5640_Color_Saturation
    main.o(i.main) refers to ov5640.o(i.OV5640_Brightness) for OV5640_Brightness
    main.o(i.main) refers to ov5640.o(i.OV5640_Contrast) for OV5640_Contrast
    main.o(i.main) refers to ov5640.o(i.OV5640_Sharpness) for OV5640_Sharpness
    main.o(i.main) refers to ov5640.o(i.OV5640_Focus_Constant) for OV5640_Focus_Constant
    main.o(i.main) refers to dcmi.o(i.My_DCMI_Init) for My_DCMI_Init
    main.o(i.main) refers to dcmi.o(i.MYDCMI_DMA_Init) for MYDCMI_DMA_Init
    main.o(i.main) refers to ov5640.o(i.OV5640_OutSize_Set) for OV5640_OutSize_Set
    main.o(i.main) refers to dcmi.o(i.DCMI_Start) for DCMI_Start
    main.o(i.main) refers to key.o(i.KEY_Scan) for KEY_Scan
    main.o(i.main) refers to noretval__2sprintf.o(.text) for __2sprintf
    main.o(i.main) refers to ov5640.o(i.OV5640_Focus_Single) for OV5640_Focus_Single
    main.o(i.main) refers to main.o(i.camera_new_pathname) for camera_new_pathname
    main.o(i.main) refers to bmp.o(i.bmp_encode) for bmp_encode
    main.o(i.main) refers to main.o(i.ov5640_jpg_photo) for ov5640_jpg_photo
    main.o(i.main) refers to usmart_config.o(.data) for usmart_dev
    main.o(i.main) refers to exfuns.o(.bss) for fs
    main.o(i.main) refers to lcd.o(.data) for POINT_COLOR
    main.o(i.main) refers to main.o(.data) for jpeg_buf0
    main.o(i.main) refers to lcd.o(.bss) for lcddev
    main.o(i.main) refers to dcmi.o(i.DCMI_Stop) for DCMI_Stop
[...]
    __rt_entry_presh_1                       0x0800026b   Thumb Code     0  __rtentry2.o(.ARM.Collect$$rtentry$$00000002)
    __rt_entry_sh                            0x0800026b   Thumb Code     0  __rtentry4.o(.ARM.Collect$$rtentry$$00000004)
    __rt_entry_li                            0x08000271   Thumb Code     0  __rtentry2.o(.ARM.Collect$$rtentry$$0000000A)
    __rt_entry_postsh_1                      0x08000271   Thumb Code     0  __rtentry2.o(.ARM.Collect$$rtentry$$00000009)
    __rt_entry_main                          0x08000275   Thumb Code     0  __rtentry2.o(.ARM.Collect$$rtentry$$0000000D)
    __rt_entry_postli_1                      0x08000275   Thumb Code     0  __rtentry2.o(.ARM.Collect$$rtentry$$0000000C)
    __rt_exit                                0x0800027d   Thumb Code     0  rtexit.o(.ARM.Collect$$rtexit$$00000000)
    __rt_exit_ls                             0x0800027f   Thumb Code     0  rtexit2.o(.ARM.Collect$$rtexit$$00000003)
    __rt_exit_prels_1                        0x0800027f   Thumb Code     0  rtexit2.o(.ARM.Collect$$rtexit$$00000002)
    __rt_exit_exit                           0x08000283   Thumb Code     0  rtexit2.o(.ARM.Collect$$rtexit$$00000004)
    WFI_SET                                  0x08000289   Thumb Code     2  sys.o(.emb_text)
    INTX_DISABLE                             0x0800028b   Thumb Code     4  sys.o(.emb_text)
    INTX_ENABLE                              0x0800028f   Thumb Code     4  sys.o(.emb_text)
    MSR_MSP                                  0x08000293   Thumb Code     6  sys.o(.emb_text)
    Reset_Handler                            0x08000299   Thumb Code     8  startup_stm32f40_41xxx.o(.text)
    ADC_IRQHandler                           0x080002b3   Thumb Code     0  startup_stm32f40_41xxx.o(.text)
    CAN1_RX0_IRQHandler                      0x080002b3   Thumb Code     0  startup_stm32f40_41xxx.o(.text)
    CAN1_RX1_IRQHandler                      0x080002b3   Thumb Code     0  startup_stm32f40_41xxx.o(.text)
    CAN1_SCE_IRQHandler                      0x080002b3   Thumb Code     0  startup_stm32f40_41xxx.o(.text)
    CAN1_TX_IRQHandler                       0x080002b3   Thumb Code     0  startup_stm32f40_41xxx.o(.text)
    CAN2_RX0_IRQHandler                      0x080002b3   Thumb Code     0  startup_stm32f40_41xxx.o(.text)
    CAN2_RX1_IRQHandler                      0x080002b3   Thumb Code     0  startup_stm32f40_41xxx.o(.text)
    CAN2_SCE_IRQHandler                      0x080002b3   Thumb Code     0  startup_stm32f40_41xxx.o(.text)
    CAN2_TX_IRQHandler                       0x080002b3   Thumb Code     0  startup_stm32f40_41xxx.o(.text)
    CRYP_IRQHandler                          0x080002b3   Thumb Code     0  startup_stm32f40_41xxx.o(.text)
    DMA1_Stream0_IRQHandler                  0x080002b3   Thumb Code     0  startup_stm32f40_41xxx.o(.text)
    DMA1_Stream1_IRQHandler                  0x080002b3   Thumb Code     0  startup_stm32f40_41xxx.o(.text)
    DMA1_Stream2_IRQHandler                  0x080002b3   Thumb Code     0  startup_stm32f40_41xxx.o(.text)
    DMA1_Stream3_IRQHandler                  0x080002b3   Thumb Code     0  startup_stm32f40_41xxx.o(.text)
    DMA1_Stream4_IRQHandler                  0x080002b3   Thumb Code     0  startup_stm32f40_41xxx.o(.text)
    DMA1_Stream5_IRQHandler                  0x080002b3   Thumb Code     0  startup_stm32f40_41xxx.o(.text)
    DMA1_Stream6_IRQHandler                  0x080002b3   Thumb Code     0  startup_stm32f40_41xxx.o(.text)
    DMA1_Stream7_IRQHandler                  0x080002b3   Thumb Code     0  startup_stm32f40_41xxx.o(.text)
    DMA2_Stream0_IRQHandler                  0x080002b3   Thumb Code     0  startup_stm32f40_41xxx.o(.text)
    DMA2_Stream2_IRQHandler                  0x080002b3   Thumb Code     0  startup_stm32f40_41xxx.o(.text)
    DMA2_Stream3_IRQHandler                  0x080002b3   Thumb Code     0  startup_stm32f40_41xxx.o(.text)
    DMA2_Stream4_IRQHandler                  0x080002b3   Thumb Code     0  startup_stm32f40_41xxx.o(.text)
    DMA2_Stream5_IRQHandler                  0x080002b3   Thumb Code     0  startup_stm32f40_41xxx.o(.text)
    DMA2_Stream6_IRQHandler                  0x080002b3   Thumb Code     0  startup_stm32f40_41xxx.o(.text)
    DMA2_Stream7_IRQHandler                  0x080002b3   Thumb Code     0  startup_stm32f40_41xxx.o(.text)
    ETH_IRQHandler                           0x080002b3   Thumb Code     0  startup_stm32f40_41xxx.o(.text)
    ETH_WKUP_IRQHandler                      0x080002b3   Thumb Code     0  startup_stm32f40_41xxx.o(.text)
    EXTI0_IRQHandler                         0x080002b3   Thumb Code     0  startup_stm32f40_41xxx.o(.text)
    EXTI15_10_IRQHandler                     0x080002b3   Thumb Code     0  startup_stm32f40_41xxx.o(.text)
    EXTI1_IRQHandler                         0x080002b3   Thumb Code     0  startup_stm32f40_41xxx.o(.text)
    EXTI2_IRQHandler                         0x080002b3   Thumb Code     0  startup_stm32f40_41xxx.o(.text)
    EXTI3_IRQHandler                         0x080002b3   Thumb Code     0  startup_stm32f40_41xxx.o(.text)
    EXTI4_IRQHandler                         0x080002b3   Thumb Code     0  startup_stm32f40_41xxx.o(.text)
    EXTI9_5_IRQHandler                       0x080002b3   Thumb Code     0  startup_stm32f40_41xxx.o(.text)
    FLASH_IRQHandler                         0x080002b3   Thumb Code     0  startup_stm32f40_41xxx.o(.text)
    FPU_IRQHandler                           0x080002b3   Thumb Code     0  startup_stm32f40_41xxx.o(.text)
    FSMC_IRQHandler                          0x080002b3   Thumb Code     0  startup_stm32f40_41xxx.o(.text)
    HASH_RNG_IRQHandler                      0x080002b3   Thumb Code     0  startup_stm32f40_41xxx.o(.text)
    I2C1_ER_IRQHandler                       0x080002b3   Thumb Code     0  startup_stm32f40_41xxx.o(.text)
    I2C1_EV_IRQHandler                       0x080002b3   Thumb Code     0  startup_stm32f40_41xxx.o(.text)
    I2C2_ER_IRQHandler                       0x080002b3   Thumb Code     0  startup_stm32f40_41xxx.o(.text)
    I2C2_EV_IRQHandler                       0x080002b3   Thumb Code     0  startup_stm32f40_41xxx.o(.text)
    I2C3_ER_IRQHandler                       0x080002b3   Thumb Code     0  startup_stm32f40_41xxx.o(.text)
    I2C3_EV_IRQHandler                       0x080002b3   Thumb Code     0  startup_stm32f40_41xxx.o(.text)
    OTG_FS_IRQHandler                        0x080002b3   Thumb Code     0  startup_stm32f40_41xxx.o(.text)
    OTG_FS_WKUP_IRQHandler                   0x080002b3   Thumb Code     0  startup_stm32f40_41xxx.o(.text)
    OTG_HS_EP1_IN_IRQHandler                 0x080002b3   Thumb Code     0  startup_stm32f40_41xxx.o(.text)
    OTG_HS_EP1_OUT_IRQHandler                0x080002b3   Thumb Code     0  startup_stm32f40_41xxx.o(.text)
    OTG_HS_IRQHandler                        0x080002b3   Thumb Code     0  startup_stm32f40_41xxx.o(.text)
    OTG_HS_WKUP_IRQHandler                   0x080002b3   Thumb Code     0  startup_stm32f40_41xxx.o(.text)
    PVD_IRQHandler                           0x080002b3   Thumb Code     0  startup_stm32f40_41xxx.o(.text)
    RCC_IRQHandler                           0x080002b3   Thumb Code     0  startup_stm32f40_41xxx.o(.text)
    RTC_Alarm_IRQHandler                     0x080002b3   Thumb Code     0  startup_stm32f40_41xxx.o(.text)
    RTC_WKUP_IRQHandler                      0x080002b3   Thumb Code     0  startup_stm32f40_41xxx.o(.text)
    SPI1_IRQHandler                          0x080002b3   Thumb Code     0  startup_stm32f40_41xxx.o(.text)
    SPI2_IRQHandler                          0x080002b3   Thumb Code     0  startup_stm32f40_41xxx.o(.text)
    SPI3_IRQHandler                          0x080002b3   Thumb Code     0  startup_stm32f40_41xxx.o(.text)
    TAMP_STAMP_IRQHandler                    0x080002b3   Thumb Code     0  startup_stm32f40_41xxx.o(.text)
    TIM1_BRK_TIM9_IRQHandler                 0x080002b3   Thumb Code     0  startup_stm32f40_41xxx.o(.text)
    TIM1_CC_IRQHandler                       0x080002b3   Thumb Code     0  startup_stm32f40_41xxx.o(.text)
    TIM1_TRG_COM_TIM11_IRQHandler            0x080002b3   Thumb Code     0  startup_stm32f40_41xxx.o(.text)
    TIM1_UP_TIM10_IRQHandler                 0x080002b3   Thumb Code     0  startup_stm32f40_41xxx.o(.text)
    TIM2_IRQHandler                          0x080002b3   Thumb Code     0  startup_stm32f40_41xxx.o(.text)
    TIM5_IRQHandler                          0x080002b3   Thumb Code     0  startup_stm32f40_41xxx.o(.text)
    TIM6_DAC_IRQHandler                      0x080002b3   Thumb Code     0  startup_stm32f40_41xxx.o(.text)
    TIM7_IRQHandler                          0x080002b3   Thumb Code     0  startup_stm32f40_41xxx.o(.text)
    TIM8_BRK_TIM12_IRQHandler                0x080002b3   Thumb Code     0  startup_stm32f40_41xxx.o(.text)
    TIM8_CC_IRQHandler                       0x080002b3   Thumb Code     0  startup_stm32f40_41xxx.o(.text)
    TIM8_TRG_COM_TIM14_IRQHandler            0x080002b3   Thumb Code     0  startup_stm32f40_41xxx.o(.text)
    TIM8_UP_TIM13_IRQHandler                 0x080002b3   Thumb Code     0  startup_stm32f40_41xxx.o(.text)
    UART4_IRQHandler                         0x080002b3   Thumb Code     0  startup_stm32f40_41xxx.o(.text)
    UART5_IRQHandler                         0x080002b3   Thumb Code     0  startup_stm32f40_41xxx.o(.text)
    USART2_IRQHandler                        0x080002b3   Thumb Code     0  startup_stm32f40_41xxx.o(.text)
    USART3_IRQHandler                        0x080002b3   Thumb Code     0  startup_stm32f40_41xxx.o(.text)
    USART6_IRQHandler                        0x080002b3   Thumb Code     0  startup_stm32f40_41xxx.o(.text)
    WWDG_IRQHandler                          0x080002b3   Thumb Code     0  startup_stm32f40_41xxx.o(.text)
    __user_initial_stackheap                 0x080002b5   Thumb Code     0  startup_stm32f40_41xxx.o(.text)
    __use_no_semihosting                     0x080002d9   Thumb Code     2  use_no_semi_2.o(.text)
    __aeabi_ldivmod                          0x080002db   Thumb Code     0  llsdiv.o(.text)
    _ll_sdiv                                 0x080002db   Thumb Code    72  llsdiv.o(.text)
    __2printf                                0x08000325   Thumb Code    20  noretval__2printf.o(.text)
    __2sprintf                               0x0800033d   Thumb Code    34  noretval__2sprintf.o(.text)
    _printf_pre_padding                      0x08000365   Thumb Code    44  _printf_pad.o(.text)
    _printf_post_padding                     0x08000391   Thumb Code    34  _printf_pad.o(.text)
    _printf_str                              0x080003b3   Thumb Code    82  _printf_str.o(.text)
    _printf_int_dec                          0x08000405   Thumb Code   104  _printf_dec.o(.text)
    _printf_int_hex                          0x0800047d   Thumb Code    84  _printf_hex_int.o(.text)
    _printf_longlong_hex                     0x0800047d   Thumb Code     0  _printf_hex_int.o(.text)
    __printf                                 0x080004d5   Thumb Code   388  __printf_flags_ss_wp.o(.text)
    __aeabi_memcpy                           0x0800065d   Thumb Code     0  rt_memcpy_v6.o(.text)
    __rt_memcpy                              0x0800065d   Thumb Code   138  rt_memcpy_v6.o(.text)
    _memcpy_lastbytes                        0x080006c3   Thumb Code     0  rt_memcpy_v6.o(.text)
    __use_two_region_memory                  0x080006e7   Thumb Code     2  heapauxi.o(.text)
    __rt_heap_escrow$2region                 0x080006e9   Thumb Code     2  heapauxi.o(.text)
    __rt_heap_expand$2region                 0x080006eb   Thumb Code     2  heapauxi.o(.text)
    __I$use$semihosting                      0x080006ed   Thumb Code     0  use_no_semi.o(.text)
    __use_no_semihosting_swi                 0x080006ed   Thumb Code     2  use_no_semi.o(.text)
    __aeabi_uldivmod                         0x080006ef   Thumb Code     0  lludivv7m.o(.text)
    _ll_udiv                                 0x080006ef   Thumb Code   238  lludivv7m.o(.text)
    _printf_int_common                       0x080007dd   Thumb Code   178  _printf_intcommon.o(.text)
    _printf_char_common                      0x0800089b   Thumb Code    32  _printf_char_common.o(.text)
    _sputc                                   0x080008c1   Thumb Code    10  _sputc.o(.text)
    _printf_cs_common                        0x080008cb   Thumb Code    20  _printf_char.o(.text)
    _printf_char                             0x080008df   Thumb Code    16  _printf_char.o(.text)
    _printf_string                           0x080008ef   Thumb Code     8  _printf_char.o(.text)
    _printf_char_file                        0x080008f9   Thumb Code    32  _printf_char_file.o(.text)
    __aeabi_memcpy4                          0x0800091d   Thumb Code     0  rt_memcpy_w.o(.text)
    __aeabi_memcpy8                          0x0800091d   Thumb Code     0  rt_memcpy_w.o(.text)
    __rt_memcpy_w                            0x0800091d   Thumb Code   100  rt_memcpy_w.o(.text)
    _memcpy_lastbytes_aligned                0x08000965   Thumb Code     0  rt_memcpy_w.o(.text)
    ferror                                   0x08000981   Thumb Code     8  ferror.o(.text)
    __user_setup_stackheap                   0x08000989   Thumb Code    74  sys_stackheap_outer.o(.text)
    exit                                     0x080009d3   Thumb Code    12  exit.o(.text)
    __user_libspace                          0x080009e1   Thumb Code     8  libspace.o(.text)
    __user_perproc_libspace                  0x080009e1   Thumb Code     0  libspace.o(.text)
    __user_perthread_libspace                0x080009e1   Thumb Code     0  libspace.o(.text)
    BEEP_Init                                0x080009e9   Thumb Code    60  beep.o(i.BEEP_Init)
    BusFault_Handler                         0x08000a29   Thumb Code     4  stm32f4xx_it.o(i.BusFault_Handler)
    CmdError                                 0x08000a2d   Thumb Code    48  sdio_sdcard.o(i.CmdError)
    CmdResp1Error                            0x08000a5d   Thumb Code    94  sdio_sdcard.o(i.CmdResp1Error)
    CmdResp2Error                            0x08000ac1   Thumb Code    80  sdio_sdcard.o(i.CmdResp2Error)
    CmdResp3Error                            0x08000b15   Thumb Code    50  sdio_sdcard.o(i.CmdResp3Error)
    CmdResp6Error                            0x08000b4d   Thumb Code   144  sdio_sdcard.o(i.CmdResp6Error)
    CmdResp7Error                            0x08000be1   Thumb Code    70  sdio_sdcard.o(i.CmdResp7Error)
    DCMI_CR_Set                              0x08000c2d   Thumb Code    58  dcmi.o(i.DCMI_CR_Set)
    DCMI_CaptureCmd                          0x08000c6d   Thumb Code    30  stm32f4xx_dcmi.o(i.DCMI_CaptureCmd)
    DCMI_ClearITPendingBit                   0x08000c91   Thumb Code     6  stm32f4xx_dcmi.o(i.DCMI_ClearITPendingBit)
    DCMI_Cmd                                 0x08000c9d   Thumb Code    30  stm32f4xx_dcmi.o(i.DCMI_Cmd)
    DCMI_DMA_Init                            0x08000cc1   Thumb Code   174  dcmi.o(i.DCMI_DMA_Init)
    DCMI_DeInit                              0x08000d79   Thumb Code    24  stm32f4xx_dcmi.o(i.DCMI_DeInit)
    DCMI_GetITStatus                         0x08000d95   Thumb Code    24  stm32f4xx_dcmi.o(i.DCMI_GetITStatus)
    DCMI_IRQHandler                          0x08000db1   Thumb Code    50  dcmi.o(i.DCMI_IRQHandler)
    DCMI_ITConfig                            0x08000ded   Thumb Code    30  stm32f4xx_dcmi.o(i.DCMI_ITConfig)
    DCMI_Init                                0x08000e11   Thumb Code    60  stm32f4xx_dcmi.o(i.DCMI_Init)
    DCMI_Set_Window                          0x08000e51   Thumb Code    78  dcmi.o(i.DCMI_Set_Window)
    DCMI_Start                               0x08000ea5   Thumb Code    30  dcmi.o(i.DCMI_Start)
    DCMI_Stop                                0x08000ec9   Thumb Code    32  dcmi.o(i.DCMI_Stop)
    DMA2_Stream1_IRQHandler                  0x08000ef1   Thumb Code    30  dcmi.o(i.DMA2_Stream1_IRQHandler)
    DMA_ClearFlag                            0x08000f1d   Thumb Code    38  stm32f4xx_dma.o(i.DMA_ClearFlag)
    DMA_Cmd                                  0x08000f51   Thumb Code    22  stm32f4xx_dma.o(i.DMA_Cmd)
    DMA_DeInit                               0x08000f69   Thumb Code   324  stm32f4xx_dma.o(i.DMA_DeInit)
    DMA_DoubleBufferModeCmd                  0x080010c1   Thumb Code    22  stm32f4xx_dma.o(i.DMA_DoubleBufferModeCmd)
    DMA_FlowControllerConfig                 0x080010d7   Thumb Code    22  stm32f4xx_dma.o(i.DMA_FlowControllerConfig)
    DMA_GetCmdStatus                         0x080010ed   Thumb Code    20  stm32f4xx_dma.o(i.DMA_GetCmdStatus)
    DMA_GetCurrDataCounter                   0x08001101   Thumb Code     8  stm32f4xx_dma.o(i.DMA_GetCurrDataCounter)
    DMA_GetFlagStatus                        0x08001109   Thumb Code    54  stm32f4xx_dma.o(i.DMA_GetFlagStatus)
    DMA_ITConfig                             0x0800114d   Thumb Code    58  stm32f4xx_dma.o(i.DMA_ITConfig)
    DMA_Init                                 0x08001189   Thumb Code    82  stm32f4xx_dma.o(i.DMA_Init)
    DMA_MemoryTargetConfig                   0x080011e1   Thumb Code    10  stm32f4xx_dma.o(i.DMA_MemoryTargetConfig)
    DMA_SetCurrDataCounter                   0x080011eb   Thumb Code     4  stm32f4xx_dma.o(i.DMA_SetCurrDataCounter)
    DebugMon_Handler                         0x080011ef   Thumb Code     2  stm32f4xx_it.o(i.DebugMon_Handler)
    FSMC_NORSRAMCmd                          0x080011f1   Thumb Code    46  stm32f4xx_fsmc.o(i.FSMC_NORSRAMCmd)
    FSMC_NORSRAMInit                         0x08001225   Thumb Code   230  stm32f4xx_fsmc.o(i.FSMC_NORSRAMInit)
    FSMC_SRAM_Init                           0x0800130d   Thumb Code   694  sram.o(i.FSMC_SRAM_Init)
    FindSCR                                  0x080015d9   Thumb Code   388  sdio_sdcard.o(i.FindSCR)
    GPIO_Init                                0x0800176d   Thumb Code   144  stm32f4xx_gpio.o(i.GPIO_Init)
    GPIO_PinAFConfig                         0x080017fd   Thumb Code    70  stm32f4xx_gpio.o(i.GPIO_PinAFConfig)
    GPIO_ReadInputDataBit                    0x08001843   Thumb Code    18  stm32f4xx_gpio.o(i.GPIO_ReadInputDataBit)
    GPIO_ResetBits                           0x08001855   Thumb Code     4  stm32f4xx_gpio.o(i.GPIO_ResetBits)
    GPIO_SetBits                             0x08001859   Thumb Code     4  stm32f4xx_gpio.o(i.GPIO_SetBits)
    Get_HzMat                                0x0800185d   Thumb Code   220  text.o(i.Get_HzMat)
    HardFault_Handler                        0x0800193d   Thumb Code     4  stm32f4xx_it.o(i.HardFault_Handler)
    IsCardProgramming                        0x08001941   Thumb Code   146  sdio_sdcard.o(i.IsCardProgramming)
    KEY_Init                                 0x080019e1   Thumb Code    60  key.o(i.KEY_Init)
    KEY_Scan                                 0x08001a25   Thumb Code   188  key.o(i.KEY_Scan)
    LCD_BGR2RGB                              0x08001aed   Thumb Code    26  lcd.o(i.LCD_BGR2RGB)
    LCD_Clear                                0x08001b09   Thumb Code   100  lcd.o(i.LCD_Clear)
    LCD_Display_Dir                          0x08001b75   Thumb Code   444  lcd.o(i.LCD_Display_Dir)
    LCD_Fast_DrawPoint                       0x08001d35   Thumb Code   374  lcd.o(i.LCD_Fast_DrawPoint)
    LCD_Fill                                 0x08001eb5   Thumb Code   180  lcd.o(i.LCD_Fill)
    LCD_Init                                 0x08001f6d   Thumb Code 14696  lcd.o(i.LCD_Init)
    LCD_RD_DATA                              0x080058dd   Thumb Code    14  lcd.o(i.LCD_RD_DATA)
    LCD_ReadPoint                            0x080058f1   Thumb Code   360  lcd.o(i.LCD_ReadPoint)
    LCD_ReadReg                              0x08005a5d   Thumb Code    22  lcd.o(i.LCD_ReadReg)
    LCD_SSD_BackLightSet                     0x08005a75   Thumb Code    88  lcd.o(i.LCD_SSD_BackLightSet)
    LCD_Scan_Dir                             0x08005ad5   Thumb Code   744  lcd.o(i.LCD_Scan_Dir)
    LCD_SetCursor                            0x08005dc1   Thumb Code   418  lcd.o(i.LCD_SetCursor)
    LCD_Set_Window                           0x08005f69   Thumb Code   528  lcd.o(i.LCD_Set_Window)
    LCD_ShowChar                             0x0800617d   Thumb Code   272  lcd.o(i.LCD_ShowChar)
    LCD_ShowString                           0x080062a5   Thumb Code   102  lcd.o(i.LCD_ShowString)
    LCD_WR_DATA                              0x0800630d   Thumb Code    18  lcd.o(i.LCD_WR_DATA)
    LCD_WR_REG                               0x08006325   Thumb Code    18  lcd.o(i.LCD_WR_REG)
    LCD_WriteRAM_Prepare                     0x0800633d   Thumb Code    10  lcd.o(i.LCD_WriteRAM_Prepare)
    LCD_WriteReg                             0x08006351   Thumb Code    14  lcd.o(i.LCD_WriteReg)
    LED_Init                                 0x08006365   Thumb Code    60  led.o(i.LED_Init)
    MYDCMI_DMA_Init                          0x080063a5   Thumb Code    94  dcmi.o(i.MYDCMI_DMA_Init)
    MemManage_Handler                        0x0800640d   Thumb Code     4  stm32f4xx_it.o(i.MemManage_Handler)
    My_DCMI_Init                             0x08006411   Thumb Code   280  dcmi.o(i.My_DCMI_Init)
    NMI_Handler                              0x0800653d   Thumb Code     2  stm32f4xx_it.o(i.NMI_Handler)
    NVIC_Init                                0x08006541   Thumb Code   106  misc.o(i.NVIC_Init)
    NVIC_PriorityGroupConfig                 0x080065b9   Thumb Code    10  misc.o(i.NVIC_PriorityGroupConfig)
    OV5640_Brightness                        0x080065cd   Thumb Code    90  ov5640.o(i.OV5640_Brightness)
    OV5640_Color_Saturation                  0x08006629   Thumb Code   120  ov5640.o(i.OV5640_Color_Saturation)
    OV5640_Contrast                          0x080066a5   Thumb Code   120  ov5640.o(i.OV5640_Contrast)
    OV5640_Flash_Ctrl                        0x0800671d   Thumb Code    50  ov5640.o(i.OV5640_Flash_Ctrl)
    OV5640_Focus_Constant                    0x0800674f   Thumb Code   124  ov5640.o(i.OV5640_Focus_Constant)
    OV5640_Focus_Init                        0x080067cd   Thumb Code   180  ov5640.o(i.OV5640_Focus_Init)
    OV5640_Focus_Single                      0x08006885   Thumb Code    60  ov5640.o(i.OV5640_Focus_Single)
    OV5640_ImageWin_Set                      0x080068c1   Thumb Code   160  ov5640.o(i.OV5640_ImageWin_Set)
    OV5640_Init                              0x08006961   Thumb Code   224  ov5640.o(i.OV5640_Init)
    OV5640_JPEG_Mode                         0x08006a59   Thumb Code    36  ov5640.o(i.OV5640_JPEG_Mode)
    OV5640_Light_Mode                        0x08006a81   Thumb Code    66  ov5640.o(i.OV5640_Light_Mode)
    OV5640_OutSize_Set                       0x08006ac9   Thumb Code   128  ov5640.o(i.OV5640_OutSize_Set)
    OV5640_RD_Reg                            0x08006b49   Thumb Code    60  ov5640.o(i.OV5640_RD_Reg)
    OV5640_RGB565_Mode                       0x08006b85   Thumb Code    36  ov5640.o(i.OV5640_RGB565_Mode)
    OV5640_Sharpness                         0x08006bad   Thumb Code   122  ov5640.o(i.OV5640_Sharpness)
    OV5640_Special_Effects                   0x08006c29   Thumb Code    98  ov5640.o(i.OV5640_Special_Effects)
    OV5640_Test_Pattern                      0x08006c91   Thumb Code    50  ov5640.o(i.OV5640_Test_Pattern)
    OV5640_WR_Reg                            0x08006cc3   Thumb Code    60  ov5640.o(i.OV5640_WR_Reg)
    PendSV_Handler                           0x08006cff   Thumb Code     2  stm32f4xx_it.o(i.PendSV_Handler)
    RCC_AHB1PeriphClockCmd                   0x08006d01   Thumb Code    26  stm32f4xx_rcc.o(i.RCC_AHB1PeriphClockCmd)
    RCC_AHB2PeriphClockCmd                   0x08006d21   Thumb Code    26  stm32f4xx_rcc.o(i.RCC_AHB2PeriphClockCmd)
    RCC_AHB3PeriphClockCmd                   0x08006d41   Thumb Code    26  stm32f4xx_rcc.o(i.RCC_AHB3PeriphClockCmd)
    RCC_APB1PeriphClockCmd                   0x08006d61   Thumb Code    26  stm32f4xx_rcc.o(i.RCC_APB1PeriphClockCmd)
    RCC_APB2PeriphClockCmd                   0x08006d81   Thumb Code    26  stm32f4xx_rcc.o(i.RCC_APB2PeriphClockCmd)
    RCC_APB2PeriphResetCmd                   0x08006da1   Thumb Code    26  stm32f4xx_rcc.o(i.RCC_APB2PeriphResetCmd)
    RCC_GetClocksFreq                        0x08006dc1   Thumb Code   214  stm32f4xx_rcc.o(i.RCC_GetClocksFreq)
    SCCB_Init                                0x08006ea9   Thumb Code    78  sccb.o(i.SCCB_Init)
    SCCB_No_Ack                              0x08006efd   Thumb Code    56  sccb.o(i.SCCB_No_Ack)
    SCCB_RD_Byte                             0x08006f3d   Thumb Code   100  sccb.o(i.SCCB_RD_Byte)
    SCCB_Start                               0x08006fad   Thumb Code    42  sccb.o(i.SCCB_Start)
    SCCB_Stop                                0x08006fe1   Thumb Code    42  sccb.o(i.SCCB_Stop)
    SCCB_WR_Byte                             0x08007015   Thumb Code   154  sccb.o(i.SCCB_WR_Byte)
    SDEnWideBus                              0x080070bd   Thumb Code   158  sdio_sdcard.o(i.SDEnWideBus)
    SDIO_ClearFlag                           0x08007169   Thumb Code     6  stm32f4xx_sdio.o(i.SDIO_ClearFlag)
    SDIO_Clock_Set                           0x08007175   Thumb Code    16  sdio_sdcard.o(i.SDIO_Clock_Set)
    SDIO_DataConfig                          0x08007189   Thumb Code    46  stm32f4xx_sdio.o(i.SDIO_DataConfig)
    SDIO_GetFlagStatus                       0x080071bd   Thumb Code    20  stm32f4xx_sdio.o(i.SDIO_GetFlagStatus)
    SDIO_GetPowerState                       0x080071d5   Thumb Code    10  stm32f4xx_sdio.o(i.SDIO_GetPowerState)
    SDIO_IRQHandler                          0x080071e5   Thumb Code     8  sdio_sdcard.o(i.SDIO_IRQHandler)
    SDIO_Init                                0x080071ed   Thumb Code    42  stm32f4xx_sdio.o(i.SDIO_Init)
    SDIO_Register_Deinit                     0x0800721d   Thumb Code    48  sdio_sdcard.o(i.SDIO_Register_Deinit)
    SDIO_SendCommand                         0x08007255   Thumb Code    40  stm32f4xx_sdio.o(i.SDIO_SendCommand)
    SDIO_SetPowerState                       0x08007281   Thumb Code     6  stm32f4xx_sdio.o(i.SDIO_SetPowerState)
    SD_DMA_Config                            0x0800728d   Thumb Code   118  sdio_sdcard.o(i.SD_DMA_Config)
    SD_EnableWideBusOperation                0x0800730d   Thumb Code    94  sdio_sdcard.o(i.SD_EnableWideBusOperation)
    SD_GetCardInfo                           0x08007375   Thumb Code   772  sdio_sdcard.o(i.SD_GetCardInfo)
    SD_Init                                  0x08007689   Thumb Code   284  sdio_sdcard.o(i.SD_Init)
    SD_InitializeCards                       0x080077b9   Thumb Code   330  sdio_sdcard.o(i.SD_InitializeCards)
    SD_PowerON                               0x0800791d   Thumb Code   460  sdio_sdcard.o(i.SD_PowerON)
    SD_ProcessIRQSrc                         0x08007b01   Thumb Code   318  sdio_sdcard.o(i.SD_ProcessIRQSrc)
    SD_ReadBlock                             0x08007c55   Thumb Code   574  sdio_sdcard.o(i.SD_ReadBlock)
    SD_ReadDisk                              0x08007ebd   Thumb Code   148  sdio_sdcard.o(i.SD_ReadDisk)
    SD_ReadMultiBlocks                       0x08007f55   Thumb Code   710  sdio_sdcard.o(i.SD_ReadMultiBlocks)
    SD_SelectDeselect                        0x08008249   Thumb Code    42  sdio_sdcard.o(i.SD_SelectDeselect)
    SD_SetDeviceMode                         0x08008279   Thumb Code    20  sdio_sdcard.o(i.SD_SetDeviceMode)
    SD_WriteBlock                            0x08008291   Thumb Code   862  sdio_sdcard.o(i.SD_WriteBlock)
    SD_WriteDisk                             0x08008619   Thumb Code   148  sdio_sdcard.o(i.SD_WriteDisk)
    SD_WriteMultiBlocks                      0x080086b1   Thumb Code   934  sdio_sdcard.o(i.SD_WriteMultiBlocks)
    SPI1_Init                                0x08008a81   Thumb Code   186  spi.o(i.SPI1_Init)
    SPI1_ReadWriteByte                       0x08008b45   Thumb Code    50  spi.o(i.SPI1_ReadWriteByte)
    SPI1_SetSpeed                            0x08008b7d   Thumb Code    36  spi.o(i.SPI1_SetSpeed)
    SPI_Cmd                                  0x08008ba5   Thumb Code    24  stm32f4xx_spi.o(i.SPI_Cmd)
    SPI_I2S_GetFlagStatus                    0x08008bbd   Thumb Code    18  stm32f4xx_spi.o(i.SPI_I2S_GetFlagStatus)
    SPI_I2S_ReceiveData                      0x08008bcf   Thumb Code     6  stm32f4xx_spi.o(i.SPI_I2S_ReceiveData)
    SPI_I2S_SendData                         0x08008bd5   Thumb Code     4  stm32f4xx_spi.o(i.SPI_I2S_SendData)
    SPI_Init                                 0x08008bd9   Thumb Code    60  stm32f4xx_spi.o(i.SPI_Init)
    SVC_Handler                              0x08008c15   Thumb Code     2  stm32f4xx_it.o(i.SVC_Handler)
    Show_Font                                0x08008d05   Thumb Code   190  text.o(i.Show_Font)
    Show_Str                                 0x08008dcd   Thumb Code   194  text.o(i.Show_Str)
    SysTick_CLKSourceConfig                  0x08008e8f   Thumb Code    40  misc.o(i.SysTick_CLKSourceConfig)
    SysTick_Handler                          0x08008eb7   Thumb Code     2  stm32f4xx_it.o(i.SysTick_Handler)
    SystemInit                               0x08008eb9   Thumb Code    88  system_stm32f4xx.o(i.SystemInit)
    TIM3_IRQHandler                          0x08008f21   Thumb Code    30  timer.o(i.TIM3_IRQHandler)
    TIM3_Int_Init                            0x08008f49   Thumb Code    88  timer.o(i.TIM3_Int_Init)
    TIM4_IRQHandler                          0x08008fa5   Thumb Code    46  usmart.o(i.TIM4_IRQHandler)
    TIM_ClearFlag                            0x08008fdd   Thumb Code     6  stm32f4xx_tim.o(i.TIM_ClearFlag)
    TIM_ClearITPendingBit                    0x08008fe3   Thumb Code     6  stm32f4xx_tim.o(i.TIM_ClearITPendingBit)
    TIM_Cmd                                  0x08008fe9   Thumb Code    24  stm32f4xx_tim.o(i.TIM_Cmd)
    TIM_GetCounter                           0x08009001   Thumb Code     6  stm32f4xx_tim.o(i.TIM_GetCounter)
    TIM_GetFlagStatus                        0x08009007   Thumb Code    18  stm32f4xx_tim.o(i.TIM_GetFlagStatus)
    TIM_GetITStatus                          0x08009019   Thumb Code    34  stm32f4xx_tim.o(i.TIM_GetITStatus)
    TIM_ITConfig                             0x0800903b   Thumb Code    18  stm32f4xx_tim.o(i.TIM_ITConfig)
    TIM_SetAutoreload                        0x0800904d   Thumb Code     4  stm32f4xx_tim.o(i.TIM_SetAutoreload)
    TIM_SetCounter                           0x08009051   Thumb Code     4  stm32f4xx_tim.o(i.TIM_SetCounter)
    TIM_TimeBaseInit                         0x08009055   Thumb Code   104  stm32f4xx_tim.o(i.TIM_TimeBaseInit)
    Timer4_Init                              0x080090d9   Thumb Code    86  usmart.o(i.Timer4_Init)
    USART1_IRQHandler                        0x08009135   Thumb Code   122  usart.o(i.USART1_IRQHandler)
    USART_Cmd                                0x080091bd   Thumb Code    24  stm32f4xx_usart.o(i.USART_Cmd)
    USART_GetITStatus                        0x080091d5   Thumb Code    84  stm32f4xx_usart.o(i.USART_GetITStatus)
    USART_ITConfig                           0x08009229   Thumb Code    74  stm32f4xx_usart.o(i.USART_ITConfig)
    USART_Init                               0x08009275   Thumb Code   204  stm32f4xx_usart.o(i.USART_Init)
    USART_ReceiveData                        0x08009349   Thumb Code    10  stm32f4xx_usart.o(i.USART_ReceiveData)
    UsageFault_Handler                       0x08009353   Thumb Code     4  stm32f4xx_it.o(i.UsageFault_Handler)
    W25QXX_Erase_Sector                      0x08009359   Thumb Code    70  w25qxx.o(i.W25QXX_Erase_Sector)
    W25QXX_Init                              0x080093b1   Thumb Code   102  w25qxx.o(i.W25QXX_Init)
    W25QXX_Read                              0x08009429   Thumb Code    74  w25qxx.o(i.W25QXX_Read)
    W25QXX_ReadID                            0x08009479   Thumb Code    64  w25qxx.o(i.W25QXX_ReadID)
    W25QXX_ReadSR                            0x080094c1   Thumb Code    36  w25qxx.o(i.W25QXX_ReadSR)
    W25QXX_Wait_Busy                         0x080094ed   Thumb Code    18  w25qxx.o(i.W25QXX_Wait_Busy)
    W25QXX_Write                             0x08009501   Thumb Code   180  w25qxx.o(i.W25QXX_Write)
    W25QXX_Write_Enable                      0x080095b9   Thumb Code    24  w25qxx.o(i.W25QXX_Write_Enable)
    W25QXX_Write_NoCheck                     0x080095d9   Thumb Code    70  w25qxx.o(i.W25QXX_Write_NoCheck)
    W25QXX_Write_Page                        0x08009621   Thumb Code    80  w25qxx.o(i.W25QXX_Write_Page)
    _is_digit                                0x08009675   Thumb Code    14  __printf_wp.o(i._is_digit)
    _sys_exit                                0x08009683   Thumb Code     6  usart.o(i._sys_exit)
    bmp_encode                               0x08009689   Thumb Code   486  bmp.o(i.bmp_encode)
    camera_new_pathname                      0x08009879   Thumb Code    74  main.o(i.camera_new_pathname)
    clust2sect                               0x080099c7   Thumb Code    26  ff.o(i.clust2sect)
    convert_from_bytes_to_power_of_two       0x08009a71   Thumb Code    18  sdio_sdcard.o(i.convert_from_bytes_to_power_of_two)
    delay_init                               0x08009dc9   Thumb Code    52  delay.o(i.delay_init)
    delay_ms                                 0x08009e05   Thumb Code    56  delay.o(i.delay_ms)
    delay_us                                 0x08009e3d   Thumb Code    72  delay.o(i.delay_us)
    delay_xms                                0x08009e89   Thumb Code    72  delay.o(i.delay_xms)
    dir_sdi                                  0x0800a255   Thumb Code   158  ff.o(i.dir_sdi)
    disk_initialize                          0x0800a2f5   Thumb Code    52  diskio.o(i.disk_initialize)
    disk_ioctl                               0x0800a32d   Thumb Code   170  diskio.o(i.disk_ioctl)
    disk_read                                0x0800a3e1   Thumb Code   122  diskio.o(i.disk_read)
    disk_status                              0x0800a45b   Thumb Code     6  diskio.o(i.disk_status)
    disk_write                               0x0800a461   Thumb Code   122  diskio.o(i.disk_write)
    exfuns_init                              0x0800a4dd   Thumb Code   114  exfuns.o(i.exfuns_init)
    f_close                                  0x0800a561   Thumb Code    36  ff.o(i.f_close)
    f_mkdir                                  0x0800a585   Thumb Code   380  ff.o(i.f_mkdir)
    f_mount                                  0x0800a701   Thumb Code    86  ff.o(i.f_mount)
    f_open                                   0x0800a75d   Thumb Code   384  ff.o(i.f_open)
    f_sync                                   0x0800a8dd   Thumb Code   176  ff.o(i.f_sync)
    f_write                                  0x0800a98d   Thumb Code   490  ff.o(i.f_write)
    ff_convert                               0x0800ab79   Thumb Code   146  mycc936.o(i.ff_convert)
    ff_memalloc                              0x0800ac11   Thumb Code    14  diskio.o(i.ff_memalloc)
    ff_memfree                               0x0800ac1f   Thumb Code    14  diskio.o(i.ff_memfree)
    ff_wtoupper                              0x0800ac2d   Thumb Code    46  mycc936.o(i.ff_wtoupper)
    font_init                                0x0800b0fd   Thumb Code    64  fontupd.o(i.font_init)
    fputc                                    0x0800b141   Thumb Code    22  usart.o(i.fputc)
    get_fat                                  0x0800b225   Thumb Code   232  ff.o(i.get_fat)
    get_fattime                              0x0800b30d   Thumb Code     4  diskio.o(i.get_fattime)
    jpeg_data_process                        0x0800b35d   Thumb Code   212  main.o(i.jpeg_data_process)
    jpeg_dcmi_rx_callback                    0x0800b451   Thumb Code   102  main.o(i.jpeg_dcmi_rx_callback)
    main                                     0x0800b4ed   Thumb Code  1544  main.o(i.main)
    my_mem_free                              0x0800bbc9   Thumb Code    96  malloc.o(i.my_mem_free)
    my_mem_init                              0x0800bc35   Thumb Code    54  malloc.o(i.my_mem_init)
    my_mem_malloc                            0x0800bc79   Thumb Code   156  malloc.o(i.my_mem_malloc)
    my_mem_perused                           0x0800bd21   Thumb Code    54  malloc.o(i.my_mem_perused)
    myfree                                   0x0800bd61   Thumb Code    30  malloc.o(i.myfree)
    mymalloc                                 0x0800bd85   Thumb Code    34  malloc.o(i.mymalloc)
    mymemset                                 0x0800bdad   Thumb Code    20  malloc.o(i.mymemset)
    opt_delay                                0x0800bdc1   Thumb Code    14  lcd.o(i.opt_delay)
    ov5640_jpg_photo                         0x0800bdd1   Thumb Code   372  main.o(i.ov5640_jpg_photo)
    pic_memalloc                             0x0800bf91   Thumb Code    14  piclib.o(i.pic_memalloc)
    pic_memfree                              0x0800bf9f   Thumb Code    14  piclib.o(i.pic_memfree)
    put_fat                                  0x0800bfad   Thumb Code   310  ff.o(i.put_fat)
    read_addr                                0x0800c0e3   Thumb Code     6  usmart.o(i.read_addr)
    sw_ov5640_mode                           0x0800c185   Thumb Code    54  main.o(i.sw_ov5640_mode)
    sw_sdcard_mode                           0x0800c1c1   Thumb Code    54  main.o(i.sw_sdcard_mode)
    uart_init                                0x0800c311   Thumb Code   164  usart.o(i.uart_init)
    usmart_cmd_rec                           0x0800c3bd   Thumb Code   170  usmart.o(i.usmart_cmd_rec)
    usmart_exe                               0x0800c46d   Thumb Code   632  usmart.o(i.usmart_exe)
    usmart_get_aparm                         0x0800c741   Thumb Code   200  usmart_str.o(i.usmart_get_aparm)
    usmart_get_fname                         0x0800c809   Thumb Code   440  usmart_str.o(i.usmart_get_fname)
    usmart_get_fparam                        0x0800c9c9   Thumb Code   262  usmart_str.o(i.usmart_get_fparam)
    usmart_get_parmpos                       0x0800cad5   Thumb Code    26  usmart_str.o(i.usmart_get_parmpos)
    usmart_get_runtime                       0x0800caf5   Thumb Code    60  usmart.o(i.usmart_get_runtime)
    usmart_init                              0x0800cb39   Thumb Code    36  usmart.o(i.usmart_init)
    usmart_pow                               0x0800cb61   Thumb Code    22  usmart_str.o(i.usmart_pow)
    usmart_reset_runtime                     0x0800cb79   Thumb Code    38  usmart.o(i.usmart_reset_runtime)
    usmart_scan                              0x0800cba9   Thumb Code   336  usmart.o(i.usmart_scan)
    usmart_search_nextc                      0x0800cd41   Thumb Code    22  usmart_str.o(i.usmart_search_nextc)
    usmart_str2num                           0x0800cd57   Thumb Code   202  usmart_str.o(i.usmart_str2num)
    usmart_strcmp                            0x0800ce21   Thumb Code    34  usmart_str.o(i.usmart_strcmp)
    usmart_strcopy                           0x0800ce43   Thumb Code    22  usmart_str.o(i.usmart_strcopy)
    usmart_strlen                            0x0800ce59   Thumb Code    24  usmart_str.o(i.usmart_strlen)
    write_addr                               0x0800cea7   Thumb Code     4  usmart.o(i.write_addr)
    __aeabi_d2uiz                            0x0800cead   Thumb Code     0  dfixu.o(x$fpl$dfixu)
    _dfixu                                   0x0800cead   Thumb Code    90  dfixu.o(x$fpl$dfixu)
    __aeabi_ui2d                             0x0800cf07   Thumb Code     0  dflt_clz.o(x$fpl$dfltu)
    _dfltu                                   0x0800cf07   Thumb Code    38  dflt_clz.o(x$fpl$dfltu)
    __aeabi_dmul                             0x0800cf2d   Thumb Code     0  dmul.o(x$fpl$dmul)
    _dmul                                    0x0800cf2d   Thumb Code   332  dmul.o(x$fpl$dmul)
    __fpl_dnaninf                            0x0800d081   Thumb Code   156  dnaninf.o(x$fpl$dnaninf)
    __fpl_dretinf                            0x0800d11d   Thumb Code    12  dretinf.o(x$fpl$dretinf)
    _fp_init                                 0x0800d129   Thumb Code    10  fpinit.o(x$fpl$fpinit)
    __fplib_config_fpu_vfp                   0x0800d131   Thumb Code     0  fpinit.o(x$fpl$fpinit)
    __fplib_config_pureend_doubles           0x0800d131   Thumb Code     0  fpinit.o(x$fpl$fpinit)
    __I$use$fp                               0x0800d132   Number         0  usenofp.o(x$fpl$usenofp)
    asc2_1206                                0x0800d132   Data        1140  lcd.o(.constdata)
    asc2_1608                                0x0800d5a6   Data        1520  lcd.o(.constdata)
    asc2_2412                                0x0800db96   Data        3420  lcd.o(.constdata)
    OV5640_jpeg_reg_tbl                      0x0800e8f2   Data         164  ov5640.o(.constdata)
    ov5640_rgb565_reg_tbl                    0x0800e996   Data         180  ov5640.o(.constdata)
    ov5640_init_reg_tbl                      0x0800ea4a   Data         828  ov5640.o(.constdata)
    OV5640_AF_Config                         0x0800ed86   Data        4077  ov5640.o(.constdata)
    memtblsize                               0x080101fc   Data          12  malloc.o(.constdata)
    memblksize                               0x08010208   Data          12  malloc.o(.constdata)
    memsize                                  0x08010214   Data          12  malloc.o(.constdata)
    Region$$Table$$Base                      0x08010534   Number         0  anon$$obj.o(Region$$Table)
    Region$$Table$$Limit                     0x08010554   Number         0  anon$$obj.o(Region$$Table)
    mem3base                                 0x10000000   Data       61440  malloc.o(.ARM.__AT_0x10000000)
    mem3mapbase                              0x1000f000   Data        3840  malloc.o(.ARM.__AT_0x1000F000)
    bmp_request                              0x20000000   Data           1  main.o(.data)
    ovx_mode                                 0x20000001   Data           1  main.o(.data)
    jpeg_data_len                            0x20000004   Data           4  main.o(.data)
    jpeg_data_ok                             0x20000008   Data           1  main.o(.data)
    jpeg_buf0                                0x2000000c   Data           4  main.o(.data)
    jpeg_buf1                                0x20000010   Data           4  main.o(.data)
    jpeg_data_buf                            0x20000014   Data           4  main.o(.data)
    POINT_COLOR                              0x20000018   Data           2  lcd.o(.data)
    BACK_COLOR                               0x2000001a   Data           2  lcd.o(.data)
    ov_frame                                 0x20000020   Data           1  dcmi.o(.data)
    dcmi_rx_callback                         0x20000024   Data           4  dcmi.o(.data)
    TransferError                            0x20000032   Data           1  sdio_sdcard.o(.data)
    TransferEnd                              0x20000033   Data           1  sdio_sdcard.o(.data)
    tempbuff                                 0x20000034   Data           4  sdio_sdcard.o(.data)
    W25QXX_TYPE                              0x20000038   Data           2  w25qxx.o(.data)
    __stdout                                 0x20000040   Data           4  usart.o(.data)
    USART_RX_STA                             0x20000044   Data           2  usart.o(.data)
    usmart_nametab                           0x20000058   Data         152  usmart_config.o(.data)
    usmart_dev                               0x200000f0   Data         244  usmart_config.o(.data)
    FLASH_SECTOR_COUNT                       0x200001e4   Data           2  diskio.o(.data)
    file                                     0x200001e8   Data           4  exfuns.o(.data)
    ftemp                                    0x200001ec   Data           4  exfuns.o(.data)
    br                                       0x200001f0   Data           4  exfuns.o(.data)
    bw                                       0x200001f4   Data           4  exfuns.o(.data)
    fatbuf                                   0x200001f8   Data           4  exfuns.o(.data)
    mallco_dev                               0x200001fc   Data          36  malloc.o(.data)
    lcddev                                   0x20000220   Data          14  lcd.o(.bss)
    DCMI_InitStructure                       0x2000022e   Data          14  dcmi.o(.bss)
    SDIO_InitStructure                       0x20000240   Data          24  sdio_sdcard.o(.bss)
    SDIO_CmdInitStructure                    0x20000258   Data          20  sdio_sdcard.o(.bss)
    SDIO_DataInitStructure                   0x2000026c   Data          24  sdio_sdcard.o(.bss)
    SDCardInfo                               0x200002a8   Data          88  sdio_sdcard.o(.bss)
    SDIO_DATA_BUFFER                         0x20000300   Data         512  sdio_sdcard.o(.bss)
    W25QXX_BUFFER                            0x20000500   Data        4096  w25qxx.o(.bss)
    USART_RX_BUF                             0x20001500   Data         200  usart.o(.bss)
    fs                                       0x200015d4   Data          12  exfuns.o(.bss)
    fileinfo                                 0x200015e0   Data          32  exfuns.o(.bss)
    dir                                      0x20001600   Data          36  exfuns.o(.bss)
    ftinfo                                   0x20001624   Data          33  fontupd.o(.bss)
    mem1base                                 0x20001660   Data       102400  malloc.o(.bss)
    mem1mapbase                              0x2001a660   Data        6400  malloc.o(.bss)
    __libspace_start                         0x2001bf60   Data          96  libspace.o(.bss)
    __temporary_stack_top$libspace           0x2001bfc0   Data           0  libspace.o(.bss)
    mem2base                                 0x68000000   Data       983040  malloc.o(.ARM.__AT_0x68000000)
    mem2mapbase                              0x680f0000   Data       61440  malloc.o(.ARM.__AT_0x680F0000)



==============================================================================

Memory Map of the image

  Image Entry point : 0x08000189

  Load Region LR_IROM1 (Base: 0x08000000, Size: 0x00010774, Max: 0x00100000, ABSOLUTE, COMPRESSED[0x00010624])

    Execution Region ER_IROM1 (Base: 0x08000000, Size: 0x00010554, Max: 0x00100000, ABSOLUTE)

    Base Addr    Size         Type   Attr      Idx    E Section Name        Object

    0x08000000   0x00000188   Data   RO         1520    RESET               startup_stm32f40_41xxx.o
    0x08000188   0x00000008   Code   RO         4952  * !!!main             c_w.l(__main.o)
    0x08000190   0x00000034   Code   RO         5156    !!!scatter          c_w.l(__scatter.o)
    0x080001c4   0x0000005a   Code   RO         5154    !!dczerorl2         c_w.l(__dczerorl2.o)
    0x0800021e   0x00000002   PAD
    0x08000220   0x0000001c   Code   RO         5158    !!handler_zi        c_w.l(__scatter_zi.o)
    0x0800023c   0x00000000   Code   RO         4939    .ARM.Collect$$_printf_percent$$00000000  c_w.l(_printf_percent.o)
    0x0800023c   0x00000006   Code   RO         4937    .ARM.Collect$$_printf_percent$$00000009  c_w.l(_printf_d.o)
    0x08000242   0x00000006   Code   RO         4938    .ARM.Collect$$_printf_percent$$0000000A  c_w.l(_printf_u.o)
    0x08000248   0x00000006   Code   RO         4936    .ARM.Collect$$_printf_percent$$0000000C  c_w.l(_printf_x.o)
    0x0800024e   0x00000006   Code   RO         4934    .ARM.Collect$$_printf_percent$$00000013  c_w.l(_printf_c.o)
    0x08000254   0x00000006   Code   RO         4935    .ARM.Collect$$_printf_percent$$00000014  c_w.l(_printf_s.o)
    0x0800025a   0x00000004   Code   RO         4981    .ARM.Collect$$_printf_percent$$00000017  c_w.l(_printf_percent_end.o)
    0x0800025e   0x00000002   Code   RO         5025    .ARM.Collect$$libinit$$00000000  c_w.l(libinit.o)
    0x08000260   0x00000004   Code   RO         5035    .ARM.Collect$$libinit$$00000001  c_w.l(libinit2.o)
    0x08000264   0x00000000   Code   RO         5038    .ARM.Collect$$libinit$$00000004  c_w.l(libinit2.o)
    0x08000264   0x00000000   Code   RO         5041    .ARM.Collect$$libinit$$0000000A  c_w.l(libinit2.o)
    0x08000264   0x00000000   Code   RO         5043    .ARM.Collect$$libinit$$0000000C  c_w.l(libinit2.o)
    0x08000264   0x00000000   Code   RO         5045    .ARM.Collect$$libinit$$0000000E  c_w.l(libinit2.o)
    0x08000264   0x00000000   Code   RO         5048    .ARM.Collect$$libinit$$00000011  c_w.l(libinit2.o)
    0x08000264   0x00000000   Code   RO         5050    .ARM.Collect$$libinit$$00000013  c_w.l(libinit2.o)
    0x08000264   0x00000000   Code   RO         5052    .ARM.Collect$$libinit$$00000015  c_w.l(libinit2.o)
    0x08000264   0x00000000   Code   RO         5054    .ARM.Collect$$libinit$$00000017  c_w.l(libinit2.o)
    0x08000264   0x00000000   Code   RO         5056    .ARM.Collect$$libinit$$00000019  c_w.l(libinit2.o)
    0x08000264   0x00000000   Code   RO         5058    .ARM.Collect$$libinit$$0000001B  c_w.l(libinit2.o)
    0x08000264   0x00000000   Code   RO         5060    .ARM.Collect$$libinit$$0000001D  c_w.l(libinit2.o)
    0x08000264   0x00000000   Code   RO         5062    .ARM.Collect$$libinit$$0000001F  c_w.l(libinit2.o)
    0x08000264   0x00000000   Code   RO         5064    .ARM.Collect$$libinit$$00000021  c_w.l(libinit2.o)
    0x08000264   0x00000000   Code   RO         5066    .ARM.Collect$$libinit$$00000023  c_w.l(libinit2.o)
    0x08000264   0x00000000   Code   RO         5068    .ARM.Collect$$libinit$$00000025  c_w.l(libinit2.o)
    0x08000264   0x00000000   Code   RO         5072    .ARM.Collect$$libinit$$0000002C  c_w.l(libinit2.o)
    0x08000264   0x00000000   Code   RO         5074    .ARM.Collect$$libinit$$0000002E  c_w.l(libinit2.o)
    0x08000264   0x00000000   Code   RO         5076    .ARM.Collect$$libinit$$00000030  c_w.l(libinit2.o)
    0x08000264   0x00000000   Code   RO         5078    .ARM.Collect$$libinit$$00000032  c_w.l(libinit2.o)
    0x08000264   0x00000002   Code   RO         5079    .ARM.Collect$$libinit$$00000033  c_w.l(libinit2.o)
    0x08000266   0x00000002   Code   RO         5107    .ARM.Collect$$libshutdown$$00000000  c_w.l(libshutdown.o)
    0x08000268   0x00000000   Code   RO         5122    .ARM.Collect$$libshutdown$$00000003  c_w.l(libshutdown2.o)
    0x08000268   0x00000000   Code   RO         5125    .ARM.Collect$$libshutdown$$00000006  c_w.l(libshutdown2.o)
    0x08000268   0x00000000   Code   RO         5128    .ARM.Collect$$libshutdown$$00000009  c_w.l(libshutdown2.o)
    0x08000268   0x00000000   Code   RO         5130    .ARM.Collect$$libshutdown$$0000000B  c_w.l(libshutdown2.o)
    0x08000268   0x00000000   Code   RO         5133    .ARM.Collect$$libshutdown$$0000000E  c_w.l(libshutdown2.o)
    0x08000268   0x00000002   Code   RO         5134    .ARM.Collect$$libshutdown$$0000000F  c_w.l(libshutdown2.o)
    0x0800026a   0x00000000   Code   RO         4968    .ARM.Collect$$rtentry$$00000000  c_w.l(__rtentry.o)
    0x0800026a   0x00000000   Code   RO         4990    .ARM.Collect$$rtentry$$00000002  c_w.l(__rtentry2.o)
    0x0800026a   0x00000006   Code   RO         5002    .ARM.Collect$$rtentry$$00000004  c_w.l(__rtentry4.o)
    0x08000270   0x00000000   Code   RO         4992    .ARM.Collect$$rtentry$$00000009  c_w.l(__rtentry2.o)
    0x08000270   0x00000004   Code   RO         4993    .ARM.Collect$$rtentry$$0000000A  c_w.l(__rtentry2.o)
    0x08000274   0x00000000   Code   RO         4995    .ARM.Collect$$rtentry$$0000000C  c_w.l(__rtentry2.o)
    0x08000274   0x00000008   Code   RO         4996    .ARM.Collect$$rtentry$$0000000D  c_w.l(__rtentry2.o)
    0x0800027c   0x00000002   Code   RO         5029    .ARM.Collect$$rtexit$$00000000  c_w.l(rtexit.o)
    0x0800027e   0x00000000   Code   RO         5081    .ARM.Collect$$rtexit$$00000002  c_w.l(rtexit2.o)
    0x0800027e   0x00000004   Code   RO         5082    .ARM.Collect$$rtexit$$00000003  c_w.l(rtexit2.o)
    0x08000282   0x00000006   Code   RO         5083    .ARM.Collect$$rtexit$$00000004  c_w.l(rtexit2.o)
    0x08000288   0x00000010   Code   RO         1453    .emb_text           sys.o
    0x08000298   0x00000040   Code   RO         1521    .text               startup_stm32f40_41xxx.o
    0x080002d8   0x00000002   Code   RO         4873    .text               c_w.l(use_no_semi_2.o)
    0x080002da   0x00000048   Code   RO         4875    .text               c_w.l(llsdiv.o)
    0x08000322   0x00000002   PAD
    0x08000324   0x00000018   Code   RO         4881    .text               c_w.l(noretval__2printf.o)
    0x0800033c   0x00000028   Code   RO         4883    .text               c_w.l(noretval__2sprintf.o)
    0x08000364   0x0000004e   Code   RO         4887    .text               c_w.l(_printf_pad.o)
    0x080003b2   0x00000052   Code   RO         4889    .text               c_w.l(_printf_str.o)
    0x08000404   0x00000078   Code   RO         4891    .text               c_w.l(_printf_dec.o)
    0x0800047c   0x00000058   Code   RO         4896    .text               c_w.l(_printf_hex_int.o)
    0x080004d4   0x00000188   Code   RO         4931    .text               c_w.l(__printf_flags_ss_wp.o)
    0x0800065c   0x0000008a   Code   RO         4946    .text               c_w.l(rt_memcpy_v6.o)
    0x080006e6   0x00000006   Code   RO         4950    .text               c_w.l(heapauxi.o)
    0x080006ec   0x00000002   Code   RO         4966    .text               c_w.l(use_no_semi.o)
    0x080006ee   0x000000ee   Code   RO         4969    .text               c_w.l(lludivv7m.o)
    0x080007dc   0x000000b2   Code   RO         4971    .text               c_w.l(_printf_intcommon.o)
    0x0800088e   0x00000002   PAD
    0x08000890   0x00000030   Code   RO         4973    .text               c_w.l(_printf_char_common.o)
    0x080008c0   0x0000000a   Code   RO         4975    .text               c_w.l(_sputc.o)
    0x080008ca   0x0000002c   Code   RO         4977    .text               c_w.l(_printf_char.o)
    0x080008f6   0x00000002   PAD
    0x080008f8   0x00000024   Code   RO         4979    .text               c_w.l(_printf_char_file.o)
    0x0800091c   0x00000064   Code   RO         4982    .text               c_w.l(rt_memcpy_w.o)
    0x08000980   0x00000008   Code   RO         5010    .text               c_w.l(ferror.o)
    0x08000988   0x0000004a   Code   RO         5014    .text               c_w.l(sys_stackheap_outer.o)
    0x080009d2   0x0000000c   Code   RO         5018    .text               c_w.l(exit.o)
    0x080009de   0x00000002   PAD
    0x080009e0   0x00000008   Code   RO         5026    .text               c_w.l(libspace.o)
    0x080009e8   0x00000040   Code   RO         1001    i.BEEP_Init         beep.o
    0x08000a28   0x00000004   Code   RO          278    i.BusFault_Handler  stm32f4xx_it.o
    0x08000a2c   0x00000030   Code   RO         1021    i.CmdError          sdio_sdcard.o
    0x08000a5c   0x00000064   Code   RO         1022    i.CmdResp1Error     sdio_sdcard.o
    0x08000ac0   0x00000054   Code   RO         1023    i.CmdResp2Error     sdio_sdcard.o
    0x08000b14   0x00000038   Code   RO         1024    i.CmdResp3Error     sdio_sdcard.o
    0x08000b4c   0x00000094   Code   RO         1025    i.CmdResp6Error     sdio_sdcard.o
    0x08000be0   0x0000004c   Code   RO         1026    i.CmdResp7Error     sdio_sdcard.o
    0x08000c2c   0x00000040   Code   RO          677    i.DCMI_CR_Set       dcmi.o
    0x08000c6c   0x00000024   Code   RO         1573    i.DCMI_CaptureCmd   stm32f4xx_dcmi.o
    0x08000c90   0x0000000c   Code   RO         1575    i.DCMI_ClearITPendingBit  stm32f4xx_dcmi.o
    0x08000c9c   0x00000024   Code   RO         1576    i.DCMI_Cmd          stm32f4xx_dcmi.o
    0x08000cc0   0x000000b8   Code   RO          678    i.DCMI_DMA_Init     dcmi.o
    0x08000d78   0x0000001c   Code   RO         1577    i.DCMI_DeInit       stm32f4xx_dcmi.o
    0x08000d94   0x0000001c   Code   RO         1579    i.DCMI_GetITStatus  stm32f4xx_dcmi.o
    0x08000db0   0x0000003c   Code   RO          679    i.DCMI_IRQHandler   dcmi.o
    0x08000dec   0x00000024   Code   RO         1580    i.DCMI_ITConfig     stm32f4xx_dcmi.o
    0x08000e10   0x00000040   Code   RO         1581    i.DCMI_Init         stm32f4xx_dcmi.o
    0x08000e50   0x00000054   Code   RO          680    i.DCMI_Set_Window   dcmi.o
    0x08000ea4   0x00000024   Code   RO          681    i.DCMI_Start        dcmi.o
    0x08000ec8   0x00000028   Code   RO          682    i.DCMI_Stop         dcmi.o
    0x08000ef0   0x0000002c   Code   RO          683    i.DMA2_Stream1_IRQHandler  dcmi.o
    0x08000f1c   0x00000034   Code   RO         1675    i.DMA_ClearFlag     stm32f4xx_dma.o
    0x08000f50   0x00000016   Code   RO         1677    i.DMA_Cmd           stm32f4xx_dma.o
    0x08000f66   0x00000002   PAD
    0x08000f68   0x00000158   Code   RO         1678    i.DMA_DeInit        stm32f4xx_dma.o
    0x080010c0   0x00000016   Code   RO         1679    i.DMA_DoubleBufferModeCmd  stm32f4xx_dma.o
    0x080010d6   0x00000016   Code   RO         1681    i.DMA_FlowControllerConfig  stm32f4xx_dma.o
    0x080010ec   0x00000014   Code   RO         1682    i.DMA_GetCmdStatus  stm32f4xx_dma.o
    0x08001100   0x00000008   Code   RO         1683    i.DMA_GetCurrDataCounter  stm32f4xx_dma.o
    0x08001108   0x00000044   Code   RO         1686    i.DMA_GetFlagStatus  stm32f4xx_dma.o
    0x0800114c   0x0000003a   Code   RO         1688    i.DMA_ITConfig      stm32f4xx_dma.o
    0x08001186   0x00000002   PAD
    0x08001188   0x00000058   Code   RO         1689    i.DMA_Init          stm32f4xx_dma.o
    0x080011e0   0x0000000a   Code   RO         1690    i.DMA_MemoryTargetConfig  stm32f4xx_dma.o
    0x080011ea   0x00000004   Code   RO         1692    i.DMA_SetCurrDataCounter  stm32f4xx_dma.o
    0x080011ee   0x00000002   Code   RO          279    i.DebugMon_Handler  stm32f4xx_it.o
    0x080011f0   0x00000034   Code   RO         1814    i.FSMC_NORSRAMCmd   stm32f4xx_fsmc.o
    0x08001224   0x000000e6   Code   RO         1816    i.FSMC_NORSRAMInit  stm32f4xx_fsmc.o
    0x0800130a   0x00000002   PAD
    0x0800130c   0x000002cc   Code   RO         1270    i.FSMC_SRAM_Init    sram.o
    0x080015d8   0x00000194   Code   RO         1027    i.FindSCR           sdio_sdcard.o
    0x0800176c   0x00000090   Code   RO         1935    i.GPIO_Init         stm32f4xx_gpio.o
    0x080017fc   0x00000046   Code   RO         1936    i.GPIO_PinAFConfig  stm32f4xx_gpio.o
    0x08001842   0x00000012   Code   RO         1939    i.GPIO_ReadInputDataBit  stm32f4xx_gpio.o
    0x08001854   0x00000004   Code   RO         1942    i.GPIO_ResetBits    stm32f4xx_gpio.o
    0x08001858   0x00000004   Code   RO         1943    i.GPIO_SetBits      stm32f4xx_gpio.o
    0x0800185c   0x000000e0   Code   RO         4405    i.Get_HzMat         text.o
    0x0800193c   0x00000004   Code   RO          280    i.HardFault_Handler  stm32f4xx_it.o
    0x08001940   0x000000a0   Code   RO         1028    i.IsCardProgramming  sdio_sdcard.o
    0x080019e0   0x00000044   Code   RO          650    i.KEY_Init          key.o
    0x08001a24   0x000000c8   Code   RO          651    i.KEY_Scan          key.o
    0x08001aec   0x0000001a   Code   RO          432    i.LCD_BGR2RGB       lcd.o
    0x08001b06   0x00000002   PAD
    0x08001b08   0x0000006c   Code   RO          433    i.LCD_Clear         lcd.o
    0x08001b74   0x000001c0   Code   RO          437    i.LCD_Display_Dir   lcd.o
    0x08001d34   0x00000180   Code   RO          442    i.LCD_Fast_DrawPoint  lcd.o
    0x08001eb4   0x000000b8   Code   RO          443    i.LCD_Fill          lcd.o
    0x08001f6c   0x00003970   Code   RO          444    i.LCD_Init          lcd.o
    0x080058dc   0x00000014   Code   RO          446    i.LCD_RD_DATA       lcd.o
    0x080058f0   0x0000016c   Code   RO          447    i.LCD_ReadPoint     lcd.o
    0x08005a5c   0x00000016   Code   RO          448    i.LCD_ReadReg       lcd.o
    0x08005a72   0x00000002   PAD
    0x08005a74   0x00000060   Code   RO          449    i.LCD_SSD_BackLightSet  lcd.o
    0x08005ad4   0x000002ec   Code   RO          450    i.LCD_Scan_Dir      lcd.o
    0x08005dc0   0x000001a8   Code   RO          451    i.LCD_SetCursor     lcd.o
    0x08005f68   0x00000214   Code   RO          452    i.LCD_Set_Window    lcd.o
    0x0800617c   0x00000128   Code   RO          453    i.LCD_ShowChar      lcd.o
    0x080062a4   0x00000066   Code   RO          455    i.LCD_ShowString    lcd.o
    0x0800630a   0x00000002   PAD
    0x0800630c   0x00000018   Code   RO          457    i.LCD_WR_DATA       lcd.o
    0x08006324   0x00000018   Code   RO          458    i.LCD_WR_REG        lcd.o
    0x0800633c   0x00000014   Code   RO          460    i.LCD_WriteRAM_Prepare  lcd.o
    0x08006350   0x00000014   Code   RO          461    i.LCD_WriteReg      lcd.o
    0x08006364   0x00000040   Code   RO          412    i.LED_Init          led.o
    0x080063a4   0x00000068   Code   RO          684    i.MYDCMI_DMA_Init   dcmi.o
    0x0800640c   0x00000004   Code   RO          281    i.MemManage_Handler  stm32f4xx_it.o
    0x08006410   0x0000012c   Code   RO          685    i.My_DCMI_Init      dcmi.o
    0x0800653c   0x00000002   Code   RO          282    i.NMI_Handler       stm32f4xx_it.o
    0x0800653e   0x00000002   PAD
    0x08006540   0x00000078   Code   RO         1527    i.NVIC_Init         misc.o
    0x080065b8   0x00000014   Code   RO         1528    i.NVIC_PriorityGroupConfig  misc.o
    0x080065cc   0x0000005a   Code   RO          752    i.OV5640_Brightness  ov5640.o
    0x08006626   0x00000002   PAD
    0x08006628   0x0000007c   Code   RO          753    i.OV5640_Color_Saturation  ov5640.o
    0x080066a4   0x00000078   Code   RO          754    i.OV5640_Contrast   ov5640.o
    0x0800671c   0x00000032   Code   RO          756    i.OV5640_Flash_Ctrl  ov5640.o
    0x0800674e   0x0000007c   Code   RO          757    i.OV5640_Focus_Constant  ov5640.o
    0x080067ca   0x00000002   PAD
    0x080067cc   0x000000b8   Code   RO          758    i.OV5640_Focus_Init  ov5640.o
    0x08006884   0x0000003c   Code   RO          759    i.OV5640_Focus_Single  ov5640.o
    0x080068c0   0x000000a0   Code   RO          760    i.OV5640_ImageWin_Set  ov5640.o
    0x08006960   0x000000f8   Code   RO          761    i.OV5640_Init       ov5640.o
    0x08006a58   0x00000028   Code   RO          762    i.OV5640_JPEG_Mode  ov5640.o
    0x08006a80   0x00000048   Code   RO          763    i.OV5640_Light_Mode  ov5640.o
    0x08006ac8   0x00000080   Code   RO          764    i.OV5640_OutSize_Set  ov5640.o
    0x08006b48   0x0000003c   Code   RO          765    i.OV5640_RD_Reg     ov5640.o
    0x08006b84   0x00000028   Code   RO          766    i.OV5640_RGB565_Mode  ov5640.o
    0x08006bac   0x0000007a   Code   RO          767    i.OV5640_Sharpness  ov5640.o
    0x08006c26   0x00000002   PAD
    0x08006c28   0x00000068   Code   RO          768    i.OV5640_Special_Effects  ov5640.o
    0x08006c90   0x00000032   Code   RO          769    i.OV5640_Test_Pattern  ov5640.o
    0x08006cc2   0x0000003c   Code   RO          770    i.OV5640_WR_Reg     ov5640.o
    0x08006cfe   0x00000002   Code   RO          283    i.PendSV_Handler    stm32f4xx_it.o
    0x08006d00   0x00000020   Code   RO         2032    i.RCC_AHB1PeriphClockCmd  stm32f4xx_rcc.o
    0x08006d20   0x00000020   Code   RO         2035    i.RCC_AHB2PeriphClockCmd  stm32f4xx_rcc.o
    0x08006d40   0x00000020   Code   RO         2038    i.RCC_AHB3PeriphClockCmd  stm32f4xx_rcc.o
    0x08006d60   0x00000020   Code   RO         2041    i.RCC_APB1PeriphClockCmd  stm32f4xx_rcc.o
    0x08006d80   0x00000020   Code   RO         2044    i.RCC_APB2PeriphClockCmd  stm32f4xx_rcc.o
    0x08006da0   0x00000020   Code   RO         2046    i.RCC_APB2PeriphResetCmd  stm32f4xx_rcc.o
    0x08006dc0   0x000000e8   Code   RO         2053    i.RCC_GetClocksFreq  stm32f4xx_rcc.o
    0x08006ea8   0x00000054   Code   RO          889    i.SCCB_Init         sccb.o
    0x08006efc   0x00000040   Code   RO          890    i.SCCB_No_Ack       sccb.o
    0x08006f3c   0x00000070   Code   RO          891    i.SCCB_RD_Byte      sccb.o
    0x08006fac   0x00000034   Code   RO          893    i.SCCB_Start        sccb.o
    0x08006fe0   0x00000034   Code   RO          894    i.SCCB_Stop         sccb.o
    0x08007014   0x000000a8   Code   RO          895    i.SCCB_WR_Byte      sccb.o
    0x080070bc   0x000000ac   Code   RO         1029    i.SDEnWideBus       sdio_sdcard.o
    0x08007168   0x0000000c   Code   RO         3281    i.SDIO_ClearFlag    stm32f4xx_sdio.o
    0x08007174   0x00000014   Code   RO         1030    i.SDIO_Clock_Set    sdio_sdcard.o
    0x08007188   0x00000034   Code   RO         3287    i.SDIO_DataConfig   stm32f4xx_sdio.o
    0x080071bc   0x00000018   Code   RO         3293    i.SDIO_GetFlagStatus  stm32f4xx_sdio.o
    0x080071d4   0x00000010   Code   RO         3295    i.SDIO_GetPowerState  stm32f4xx_sdio.o
    0x080071e4   0x00000008   Code   RO         1031    i.SDIO_IRQHandler   sdio_sdcard.o
    0x080071ec   0x00000030   Code   RO         3298    i.SDIO_Init         stm32f4xx_sdio.o
    0x0800721c   0x00000038   Code   RO         1032    i.SDIO_Register_Deinit  sdio_sdcard.o
    0x08007254   0x0000002c   Code   RO         3301    i.SDIO_SendCommand  stm32f4xx_sdio.o
    0x08007280   0x0000000c   Code   RO         3303    i.SDIO_SetPowerState  stm32f4xx_sdio.o
    0x0800728c   0x00000080   Code   RO         1033    i.SD_DMA_Config     sdio_sdcard.o
    0x0800730c   0x00000068   Code   RO         1034    i.SD_EnableWideBusOperation  sdio_sdcard.o
    0x08007374   0x00000314   Code   RO         1035    i.SD_GetCardInfo    sdio_sdcard.o
    0x08007688   0x00000130   Code   RO         1037    i.SD_Init           sdio_sdcard.o
    0x080077b8   0x00000164   Code   RO         1038    i.SD_InitializeCards  sdio_sdcard.o
    0x0800791c   0x000001e4   Code   RO         1040    i.SD_PowerON        sdio_sdcard.o
    0x08007b00   0x00000154   Code   RO         1041    i.SD_ProcessIRQSrc  sdio_sdcard.o
    0x08007c54   0x00000268   Code   RO         1042    i.SD_ReadBlock      sdio_sdcard.o
    0x08007ebc   0x00000098   Code   RO         1043    i.SD_ReadDisk       sdio_sdcard.o
    0x08007f54   0x000002f4   Code   RO         1044    i.SD_ReadMultiBlocks  sdio_sdcard.o
    0x08008248   0x00000030   Code   RO         1045    i.SD_SelectDeselect  sdio_sdcard.o
    0x08008278   0x00000018   Code   RO         1047    i.SD_SetDeviceMode  sdio_sdcard.o
    0x08008290   0x00000388   Code   RO         1048    i.SD_WriteBlock     sdio_sdcard.o
    0x08008618   0x00000098   Code   RO         1049    i.SD_WriteDisk      sdio_sdcard.o
    0x080086b0   0x000003d0   Code   RO         1050    i.SD_WriteMultiBlocks  sdio_sdcard.o
    0x08008a80   0x000000c4   Code   RO         1235    i.SPI1_Init         spi.o
    0x08008b44   0x00000038   Code   RO         1236    i.SPI1_ReadWriteByte  spi.o
    0x08008b7c   0x00000028   Code   RO         1237    i.SPI1_SetSpeed     spi.o
    0x08008ba4   0x00000018   Code   RO         3122    i.SPI_Cmd           stm32f4xx_spi.o
    0x08008bbc   0x00000012   Code   RO         3130    i.SPI_I2S_GetFlagStatus  stm32f4xx_spi.o
    0x08008bce   0x00000006   Code   RO         3133    i.SPI_I2S_ReceiveData  stm32f4xx_spi.o
    0x08008bd4   0x00000004   Code   RO         3134    i.SPI_I2S_SendData  stm32f4xx_spi.o
    0x08008bd8   0x0000003c   Code   RO         3135    i.SPI_Init          stm32f4xx_spi.o
    0x08008c14   0x00000002   Code   RO          284    i.SVC_Handler       stm32f4xx_it.o
    0x08008c16   0x00000002   PAD
    0x08008c18   0x000000ec   Code   RO          375    i.SetSysClock       system_stm32f4xx.o
    0x08008d04   0x000000c8   Code   RO         4406    i.Show_Font         text.o
    0x08008dcc   0x000000c2   Code   RO         4407    i.Show_Str          text.o
    0x08008e8e   0x00000028   Code   RO         1531    i.SysTick_CLKSourceConfig  misc.o
    0x08008eb6   0x00000002   Code   RO          285    i.SysTick_Handler   stm32f4xx_it.o
    0x08008eb8   0x00000068   Code   RO          377    i.SystemInit        system_stm32f4xx.o
    0x08008f20   0x00000028   Code   RO          974    i.TIM3_IRQHandler   timer.o
    0x08008f48   0x0000005c   Code   RO          975    i.TIM3_Int_Init     timer.o
    0x08008fa4   0x00000038   Code   RO         3530    i.TIM4_IRQHandler   usmart.o
    0x08008fdc   0x00000006   Code   RO         2376    i.TIM_ClearFlag     stm32f4xx_tim.o
    0x08008fe2   0x00000006   Code   RO         2377    i.TIM_ClearITPendingBit  stm32f4xx_tim.o
    0x08008fe8   0x00000018   Code   RO         2382    i.TIM_Cmd           stm32f4xx_tim.o
    0x08009000   0x00000006   Code   RO         2401    i.TIM_GetCounter    stm32f4xx_tim.o
    0x08009006   0x00000012   Code   RO         2402    i.TIM_GetFlagStatus  stm32f4xx_tim.o
    0x08009018   0x00000022   Code   RO         2403    i.TIM_GetITStatus   stm32f4xx_tim.o
    0x0800903a   0x00000012   Code   RO         2407    i.TIM_ITConfig      stm32f4xx_tim.o
    0x0800904c   0x00000004   Code   RO         2442    i.TIM_SetAutoreload  stm32f4xx_tim.o
    0x08009050   0x00000004   Code   RO         2448    i.TIM_SetCounter    stm32f4xx_tim.o
    0x08009054   0x00000084   Code   RO         2454    i.TIM_TimeBaseInit  stm32f4xx_tim.o
    0x080090d8   0x0000005c   Code   RO         3531    i.Timer4_Init       usmart.o
    0x08009134   0x00000088   Code   RO         1471    i.USART1_IRQHandler  usart.o
    0x080091bc   0x00000018   Code   RO         2932    i.USART_Cmd         stm32f4xx_usart.o
    0x080091d4   0x00000054   Code   RO         2936    i.USART_GetITStatus  stm32f4xx_usart.o
    0x08009228   0x0000004a   Code   RO         2938    i.USART_ITConfig    stm32f4xx_usart.o
    0x08009272   0x00000002   PAD
    0x08009274   0x000000d4   Code   RO         2939    i.USART_Init        stm32f4xx_usart.o
    0x08009348   0x0000000a   Code   RO         2946    i.USART_ReceiveData  stm32f4xx_usart.o
    0x08009352   0x00000004   Code   RO          286    i.UsageFault_Handler  stm32f4xx_it.o
    0x08009356   0x00000002   PAD
    0x08009358   0x00000058   Code   RO         1303    i.W25QXX_Erase_Sector  w25qxx.o
    0x080093b0   0x00000078   Code   RO         1304    i.W25QXX_Init       w25qxx.o
    0x08009428   0x00000050   Code   RO         1306    i.W25QXX_Read       w25qxx.o
    0x08009478   0x00000048   Code   RO         1307    i.W25QXX_ReadID     w25qxx.o
    0x080094c0   0x0000002c   Code   RO         1308    i.W25QXX_ReadSR     w25qxx.o
    0x080094ec   0x00000012   Code   RO         1310    i.W25QXX_Wait_Busy  w25qxx.o
    0x080094fe   0x00000002   PAD
    0x08009500   0x000000b8   Code   RO         1311    i.W25QXX_Write      w25qxx.o
    0x080095b8   0x00000020   Code   RO         1313    i.W25QXX_Write_Enable  w25qxx.o
    0x080095d8   0x00000046   Code   RO         1314    i.W25QXX_Write_NoCheck  w25qxx.o
    0x0800961e   0x00000002   PAD
    0x08009620   0x00000054   Code   RO         1315    i.W25QXX_Write_Page  w25qxx.o
    0x08009674   0x0000000e   Code   RO         4924    i._is_digit         c_w.l(__printf_wp.o)
    0x08009682   0x00000006   Code   RO         1472    i._sys_exit         usart.o
    0x08009688   0x000001f0   Code   RO         4443    i.bmp_encode        bmp.o
    0x08009878   0x00000078   Code   RO            3    i.camera_new_pathname  main.o
    0x080098f0   0x00000090   Code   RO         3781    i.check_fs          ff.o
    0x08009980   0x00000014   Code   RO         3782    i.chk_chr           ff.o
    0x08009994   0x00000032   Code   RO         3783    i.clmt_clust        ff.o
    0x080099c6   0x0000001a   Code   RO         3784    i.clust2sect        ff.o
    0x080099e0   0x00000090   Code   RO         3785    i.cmp_lfn           ff.o
    0x08009a70   0x00000012   Code   RO         1051    i.convert_from_bytes_to_power_of_two  sdio_sdcard.o
    0x08009a82   0x000000d6   Code   RO         3786    i.create_chain      ff.o
    0x08009b58   0x00000270   Code   RO         3787    i.create_name       ff.o
    0x08009dc8   0x0000003c   Code   RO         1413    i.delay_init        delay.o
    0x08009e04   0x00000038   Code   RO         1414    i.delay_ms          delay.o
    0x08009e3c   0x0000004c   Code   RO         1415    i.delay_us          delay.o
    0x08009e88   0x0000004c   Code   RO         1416    i.delay_xms         delay.o
    0x08009ed4   0x0000005c   Code   RO         3788    i.dir_alloc         ff.o
    0x08009f30   0x000000ea   Code   RO         3789    i.dir_find          ff.o
    0x0800a01a   0x00000110   Code   RO         3790    i.dir_next          ff.o
    0x0800a12a   0x0000012a   Code   RO         3792    i.dir_register      ff.o
    0x0800a254   0x0000009e   Code   RO         3794    i.dir_sdi           ff.o
    0x0800a2f2   0x00000002   PAD
    0x0800a2f4   0x00000038   Code   RO         3715    i.disk_initialize   diskio.o
    0x0800a32c   0x000000b4   Code   RO         3716    i.disk_ioctl        diskio.o
    0x0800a3e0   0x0000007a   Code   RO         3717    i.disk_read         diskio.o
    0x0800a45a   0x00000006   Code   RO         3718    i.disk_status       diskio.o
    0x0800a460   0x0000007a   Code   RO         3719    i.disk_write        diskio.o
    0x0800a4da   0x00000002   PAD
    0x0800a4dc   0x00000084   Code   RO         4130    i.exfuns_init       exfuns.o
    0x0800a560   0x00000024   Code   RO         3796    i.f_close           ff.o
    0x0800a584   0x0000017c   Code   RO         3802    i.f_mkdir           ff.o
    0x0800a700   0x0000005c   Code   RO         3804    i.f_mount           ff.o
    0x0800a75c   0x00000180   Code   RO         3805    i.f_open            ff.o
    0x0800a8dc   0x000000b0   Code   RO         3815    i.f_sync            ff.o
    0x0800a98c   0x000001ea   Code   RO         3819    i.f_write           ff.o
    0x0800ab76   0x00000002   PAD
    0x0800ab78   0x00000098   Code   RO         4328    i.ff_convert        mycc936.o
    0x0800ac10   0x0000000e   Code   RO         3720    i.ff_memalloc       diskio.o
    0x0800ac1e   0x0000000e   Code   RO         3721    i.ff_memfree        diskio.o
    0x0800ac2c   0x00000038   Code   RO         4329    i.ff_wtoupper       mycc936.o
    0x0800ac64   0x00000388   Code   RO         3820    i.find_volume       ff.o
    0x0800afec   0x00000080   Code   RO         3821    i.fit_lfn           ff.o
    0x0800b06c   0x00000090   Code   RO         3822    i.follow_path       ff.o
    0x0800b0fc   0x00000044   Code   RO         4355    i.font_init         fontupd.o
    0x0800b140   0x0000001c   Code   RO         1473    i.fputc             usart.o
    0x0800b15c   0x000000c8   Code   RO         3823    i.gen_numname       ff.o
    0x0800b224   0x000000e8   Code   RO         3824    i.get_fat           ff.o
    0x0800b30c   0x00000004   Code   RO         3722    i.get_fattime       diskio.o
    0x0800b310   0x0000004a   Code   RO         3826    i.get_ldnumber      ff.o
    0x0800b35a   0x00000002   PAD
    0x0800b35c   0x000000f4   Code   RO            4    i.jpeg_data_process  main.o
    0x0800b450   0x0000007c   Code   RO            5    i.jpeg_dcmi_rx_callback  main.o
    0x0800b4cc   0x00000020   Code   RO         3827    i.ld_clust          ff.o
    0x0800b4ec   0x00000654   Code   RO            6    i.main              main.o
    0x0800bb40   0x00000026   Code   RO         3828    i.mem_cmp           ff.o
    0x0800bb66   0x0000001a   Code   RO         3829    i.mem_cpy           ff.o
    0x0800bb80   0x00000014   Code   RO         3830    i.mem_set           ff.o
    0x0800bb94   0x00000032   Code   RO         3831    i.move_window       ff.o
    0x0800bbc6   0x00000002   PAD
    0x0800bbc8   0x0000006c   Code   RO         4793    i.my_mem_free       malloc.o
    0x0800bc34   0x00000044   Code   RO         4794    i.my_mem_init       malloc.o
    0x0800bc78   0x000000a8   Code   RO         4795    i.my_mem_malloc     malloc.o
    0x0800bd20   0x00000040   Code   RO         4796    i.my_mem_perused    malloc.o
    0x0800bd60   0x00000024   Code   RO         4797    i.myfree            malloc.o
    0x0800bd84   0x00000028   Code   RO         4798    i.mymalloc          malloc.o
    0x0800bdac   0x00000014   Code   RO         4800    i.mymemset          malloc.o
    0x0800bdc0   0x0000000e   Code   RO          462    i.opt_delay         lcd.o
    0x0800bdce   0x00000002   PAD
    0x0800bdd0   0x000001c0   Code   RO            7    i.ov5640_jpg_photo  main.o
    0x0800bf90   0x0000000e   Code   RO         4595    i.pic_memalloc      piclib.o
    0x0800bf9e   0x0000000e   Code   RO         4596    i.pic_memfree       piclib.o
    0x0800bfac   0x00000136   Code   RO         3833    i.put_fat           ff.o
    0x0800c0e2   0x00000006   Code   RO         3532    i.read_addr         usmart.o
    0x0800c0e8   0x0000006c   Code   RO         3835    i.remove_chain      ff.o
    0x0800c154   0x00000010   Code   RO         3836    i.st_clust          ff.o
    0x0800c164   0x00000020   Code   RO         3837    i.sum_sfn           ff.o
    0x0800c184   0x0000003c   Code   RO            8    i.sw_ov5640_mode    main.o
    0x0800c1c0   0x0000003c   Code   RO            9    i.sw_sdcard_mode    main.o
    0x0800c1fc   0x000000c8   Code   RO         3838    i.sync_fs           ff.o
    0x0800c2c4   0x0000004c   Code   RO         3839    i.sync_window       ff.o
    0x0800c310   0x000000ac   Code   RO         1474    i.uart_init         usart.o
    0x0800c3bc   0x000000b0   Code   RO         3533    i.usmart_cmd_rec    usmart.o
    0x0800c46c   0x000002d4   Code   RO         3534    i.usmart_exe        usmart.o
    0x0800c740   0x000000c8   Code   RO         3635    i.usmart_get_aparm  usmart_str.o
    0x0800c808   0x000001c0   Code   RO         3637    i.usmart_get_fname  usmart_str.o
    0x0800c9c8   0x0000010c   Code   RO         3638    i.usmart_get_fparam  usmart_str.o
    0x0800cad4   0x00000020   Code   RO         3639    i.usmart_get_parmpos  usmart_str.o
    0x0800caf4   0x00000044   Code   RO         3535    i.usmart_get_runtime  usmart.o
    0x0800cb38   0x00000028   Code   RO         3536    i.usmart_init       usmart.o
    0x0800cb60   0x00000016   Code   RO         3640    i.usmart_pow        usmart_str.o
    0x0800cb76   0x00000002   PAD
    0x0800cb78   0x00000030   Code   RO         3537    i.usmart_reset_runtime  usmart.o
    0x0800cba8   0x00000198   Code   RO         3538    i.usmart_scan       usmart.o
    0x0800cd40   0x00000016   Code   RO         3641    i.usmart_search_nextc  usmart_str.o
    0x0800cd56   0x000000ca   Code   RO         3642    i.usmart_str2num    usmart_str.o
    0x0800ce20   0x00000022   Code   RO         3643    i.usmart_strcmp     usmart_str.o
    0x0800ce42   0x00000016   Code   RO         3644    i.usmart_strcopy    usmart_str.o
    0x0800ce58   0x00000018   Code   RO         3645    i.usmart_strlen     usmart_str.o
    0x0800ce70   0x00000036   Code   RO         3840    i.validate          ff.o
    0x0800cea6   0x00000004   Code   RO         3540    i.write_addr        usmart.o
    0x0800ceaa   0x00000002   PAD
    0x0800ceac   0x0000005a   Code   RO         4954    x$fpl$dfixu         fz_wm.l(dfixu.o)
    0x0800cf06   0x00000026   Code   RO         4958    x$fpl$dfltu         fz_wm.l(dflt_clz.o)
    0x0800cf2c   0x00000154   Code   RO         4964    x$fpl$dmul          fz_wm.l(dmul.o)
    0x0800d080   0x0000009c   Code   RO         4984    x$fpl$dnaninf       fz_wm.l(dnaninf.o)
    0x0800d11c   0x0000000c   Code   RO         4986    x$fpl$dretinf       fz_wm.l(dretinf.o)
    0x0800d128   0x0000000a   Code   RO         5095    x$fpl$fpinit        fz_wm.l(fpinit.o)
    0x0800d132   0x00000000   Code   RO         4988    x$fpl$usenofp       fz_wm.l(usenofp.o)
    0x0800d132   0x000017c0   Data   RO          464    .constdata          lcd.o
    0x0800e8f2   0x0000150d   Data   RO          771    .constdata          ov5640.o
    0x0800fdff   0x00000001   PAD
    0x0800fe00   0x0000003a   Data   RO         3842    .constdata          ff.o
    0x0800fe3a   0x000003c0   Data   RO         4330    .constdata          mycc936.o
    0x080101fa   0x00000002   PAD
    0x080101fc   0x00000024   Data   RO         4807    .constdata          malloc.o
    0x08010220   0x00000028   Data   RO         4897    .constdata          c_w.l(_printf_hex_int.o)
    0x08010248   0x00000011   Data   RO         4932    .constdata          c_w.l(__printf_flags_ss_wp.o)
    0x08010259   0x00000003   PAD
    0x0801025c   0x000002d6   Data   RO         3614    .conststring        usmart_config.o
    0x08010532   0x00000002   PAD
    0x08010534   0x00000020   Data   RO         5152    Region$$Table       anon$$obj.o


    Execution Region RW_IRAM1 (Base: 0x20000000, Size: 0x0001c5c0, Max: 0x00020000, ABSOLUTE, COMPRESSED[0x000000d0])

    Base Addr    Size         Type   Attr      Idx    E Section Name        Object

    0x20000000   0x00000018   Data   RW           10    .data               main.o
    0x20000018   0x00000004   Data   RW          465    .data               lcd.o
    0x2000001c   0x00000001   Data   RW          652    .data               key.o
    0x2000001d   0x00000003   PAD
    0x20000020   0x00000008   Data   RW          687    .data               dcmi.o
    0x20000028   0x00000010   Data   RW         1053    .data               sdio_sdcard.o
    0x20000038   0x00000002   Data   RW         1318    .data               w25qxx.o
    0x2000003a   0x00000004   Data   RW         1417    .data               delay.o
    0x2000003e   0x00000002   PAD
    0x20000040   0x00000006   Data   RW         1476    .data               usart.o
    0x20000046   0x00000010   Data   RW         2085    .data               stm32f4xx_rcc.o
    0x20000056   0x00000002   PAD
    0x20000058   0x0000018c   Data   RW         3615    .data               usmart_config.o
    0x200001e4   0x00000002   Data   RW         3723    .data               diskio.o
    0x200001e6   0x00000002   Data   RW         3843    .data               ff.o
    0x200001e8   0x00000014   Data   RW         4135    .data               exfuns.o
    0x200001fc   0x00000024   Data   RW         4808    .data               malloc.o
    0x20000220   0x0000000e   Zero   RW          463    .bss                lcd.o
    0x2000022e   0x0000000e   Zero   RW          686    .bss                dcmi.o
    0x2000023c   0x00000004   PAD
    0x20000240   0x000002c0   Zero   RW         1052    .bss                sdio_sdcard.o
    0x20000500   0x00001000   Zero   RW         1317    .bss                w25qxx.o
    0x20001500   0x000000c8   Zero   RW         1475    .bss                usart.o
    0x200015c8   0x0000000c   Zero   RW         3841    .bss                ff.o
    0x200015d4   0x00000050   Zero   RW         4132    .bss                exfuns.o
    0x20001624   0x00000021   Zero   RW         4359    .bss                fontupd.o
    0x20001645   0x0000001b   PAD
    0x20001660   0x0001a900   Zero   RW         4806    .bss                malloc.o
    0x2001bf60   0x00000060   Zero   RW         5027    .bss                c_w.l(libspace.o)
    0x2001bfc0   0x00000200   Zero   RW         1519    HEAP                startup_stm32f40_41xxx.o
    0x2001c1c0   0x00000400   Zero   RW         1518    STACK               startup_stm32f40_41xxx.o



  Load Region LR$$.ARM.__AT_0x10000000 (Base: 0x10000000, Size: 0x00000000, Max: 0x0000f000, ABSOLUTE)

    Execution Region ER$$.ARM.__AT_0x10000000 (Base: 0x10000000, Size: 0x0000f000, Max: 0x0000f000, ABSOLUTE, UNINIT)

    Base Addr    Size         Type   Attr      Idx    E Section Name        Object

    0x10000000   0x0000f000   Zero   RW         4802    .ARM.__AT_0x10000000  malloc.o



  Load Region LR$$.ARM.__AT_0x1000F000 (Base: 0x1000f000, Size: 0x00000000, Max: 0x00000f00, ABSOLUTE)

    Execution Region ER$$.ARM.__AT_0x1000F000 (Base: 0x1000f000, Size: 0x00000f00, Max: 0x00000f00, ABSOLUTE, UNINIT)

    Base Addr    Size         Type   Attr      Idx    E Section Name        Object

    0x1000f000   0x00000f00   Zero   RW         4803    .ARM.__AT_0x1000F000  malloc.o



  Load Region LR$$.ARM.__AT_0x68000000 (Base: 0x68000000, Size: 0x00000000, Max: 0x000f0000, ABSOLUTE)

    Execution Region ER$$.ARM.__AT_0x68000000 (Base: 0x68000000, Size: 0x000f0000, Max: 0x000f0000, ABSOLUTE, UNINIT)

    Base Addr    Size         Type   Attr      Idx    E Section Name        Object

    0x68000000   0x000f0000   Zero   RW         4804    .ARM.__AT_0x68000000  malloc.o



  Load Region LR$$.ARM.__AT_0x680F0000 (Base: 0x680f0000, Size: 0x00000000, Max: 0x0000f000, ABSOLUTE)

    Execution Region ER$$.ARM.__AT_0x680F0000 (Base: 0x680f0000, Size: 0x0000f000, Max: 0x0000f000, ABSOLUTE, UNINIT)

    Base Addr    Size         Type   Attr      Idx    E Section Name        Object

    0x680f0000   0x0000f000   Zero   RW         4805    .ARM.__AT_0x680F0000  malloc.o


==============================================================================

Image component sizes


      Code (inc. data)   RO Data    RW Data    ZI Data      Debug   Object Name

        64          4          0          0          0        544   beep.o
       496         10          0          0          0       1801   bmp.o
       916         90          0          8         14       6629   dcmi.o
       268         16          0          4          0       2511   delay.o
       518         14          0          2          0       6776   diskio.o
       132         18          0         20         80       1622   exfuns.o
      6478         66         58          2         12      36874   ff.o
        68          4          0          0         33       2089   fontupd.o
       268         20          0          1          0       1258   key.o
     18560        218       6080          4         14      25493   lcd.o
        64          4          0          0          0        543   led.o
      2676        516          0         24          0     334022   main.o
       504         60         36         36    1218560       6478   malloc.o
       180         24          0          0          0       2097   misc.o
       208         16        960          0          0       1967   mycc936.o
      1836         60       5389          0          0      13570   ov5640.o
        28          0          0          0          0       1089   piclib.o
       532         60          0          0          0       3445   sccb.o
      7482        400          0         16        704      34613   sdio_sdcard.o
       292         20          0          0          0       1825   spi.o
       716         22          0          0          0       1001   sram.o
        64         26        392          0       1536        844   startup_stm32f40_41xxx.o
       240         36          0          0          0       4195   stm32f4xx_dcmi.o
       718         54          0          0          0       8724   stm32f4xx_dma.o
       282          6          0          0          0       1837   stm32f4xx_fsmc.o
       240          0          0          0          0       3535   stm32f4xx_gpio.o
        26          0          0          0          0       4130   stm32f4xx_it.o
       424         54          0         16          0       6446   stm32f4xx_rcc.o
       208         38          0          0          0       5709   stm32f4xx_sdio.o
       112          0          0          0          0       3510   stm32f4xx_spi.o
       252         28          0          0          0       6560   stm32f4xx_tim.o
       404          8          0          0          0       4250   stm32f4xx_usart.o
        16          0          0          0          0        496   sys.o
       340         32          0          0          0       1497   system_stm32f4xx.o
       618         14          0          0          0       3367   text.o
       132         14          0          0          0       1206   timer.o
       342         28          0          6        200       4320   usart.o
      1622        220          0          0          0       7083   usmart.o
         0          0        726        396          0       1592   usmart_config.o
      1274         20          0          0          0       8044   usmart_str.o
       792         74          0          2       4096       7141   w25qxx.o

    ----------------------------------------------------------------------
     50438       2294      13678        544    1225280     570733   Object Totals
         0          0         32          0          0          0   (incl. Generated)
        46          0          5          7         31          0   (incl. Padding)

    ----------------------------------------------------------------------

      Code (inc. data)   RO Data    RW Data    ZI Data      Debug   Library Member Name

        90          0          0          0          0          0   __dczerorl2.o
         8          0          0          0          0         68   __main.o
       392          4         17          0          0         92   __printf_flags_ss_wp.o
        14          0          0          0          0         68   __printf_wp.o
         0          0          0          0          0          0   __rtentry.o
        12          0          0          0          0          0   __rtentry2.o
         6          0          0          0          0          0   __rtentry4.o
        52          8          0          0          0          0   __scatter.o
        28          0          0          0          0          0   __scatter_zi.o
         6          0          0          0          0          0   _printf_c.o
        44          0          0          0          0        108   _printf_char.o
        48          6          0          0          0         96   _printf_char_common.o
        36          4          0          0          0         80   _printf_char_file.o
         6          0          0          0          0          0   _printf_d.o
       120         16          0          0          0         92   _printf_dec.o
        88          4         40          0          0         88   _printf_hex_int.o
       178          0          0          0          0         88   _printf_intcommon.o
        78          0          0          0          0        108   _printf_pad.o
         0          0          0          0          0          0   _printf_percent.o
         4          0          0          0          0          0   _printf_percent_end.o
         6          0          0          0          0          0   _printf_s.o
        82          0          0          0          0         80   _printf_str.o
         6          0          0          0          0          0   _printf_u.o
         6          0          0          0          0          0   _printf_x.o
        10          0          0          0          0         68   _sputc.o
        12          0          0          0          0         72   exit.o
         8          0          0          0          0         68   ferror.o
         6          0          0          0          0        152   heapauxi.o
         2          0          0          0          0          0   libinit.o
         6          0          0          0          0          0   libinit2.o
         2          0          0          0          0          0   libshutdown.o
         2          0          0          0          0          0   libshutdown2.o
         8          4          0          0         96         68   libspace.o
        72          0          0          0          0         76   llsdiv.o
       238          0          0          0          0        100   lludivv7m.o
        24          4          0          0          0         84   noretval__2printf.o
        40          6          0          0          0         84   noretval__2sprintf.o
       138          0          0          0          0         68   rt_memcpy_v6.o
       100          0          0          0          0         80   rt_memcpy_w.o
         2          0          0          0          0          0   rtexit.o
        10          0          0          0          0          0   rtexit2.o
        74          0          0          0          0         80   sys_stackheap_outer.o
         2          0          0          0          0         68   use_no_semi.o
         2          0          0          0          0         68   use_no_semi_2.o
        90          4          0          0          0        140   dfixu.o
        38          0          0          0          0        116   dflt_clz.o
       340         12          0          0          0        152   dmul.o
       156          4          0          0          0        140   dnaninf.o
        12          0          0          0          0        116   dretinf.o
        10          0          0          0          0        116   fpinit.o
         0          0          0          0          0          0   usenofp.o

    ----------------------------------------------------------------------
      2724         76         60          0         96       2884   Library Totals
        10          0          3          0          0          0   (incl. Padding)

    ----------------------------------------------------------------------

      Code (inc. data)   RO Data    RW Data    ZI Data      Debug   Library Name

      2068         56         57          0         96       2104   c_w.l
       646         20          0          0          0        780   fz_wm.l

    ----------------------------------------------------------------------
      2724         76         60          0         96       2884   Library Totals

    ----------------------------------------------------------------------

==============================================================================


      Code (inc. data)   RO Data    RW Data    ZI Data      Debug   

     53162       2370      13738        544    1225376     545625   Grand Totals
     53162       2370      13738        208    1225376     545625   ELF Image Totals (compressed)
     53162       2370      13738        208          0          0   ROM Totals

==============================================================================

    Total RO  Size (Code + RO Data)                66900 (  65.33kB)
    Total RW  Size (RW Data + ZI Data)           1225920 (1197.19kB)
    Total ROM Size (Code + RO Data + RW Data)      67108 (  65.54kB)

==============================================================================

